<00005,00011,00003,00000,00000,00000,00001>

[DeviceInfo00001]
BootReason = 0087
Firmware Version = V1.1.2.0be
Serial Number = 453038428
BootLoader Version = V1.0.1.8
Script Name = HR 3C 5Hz Standard Script
Project Name = IGU-16HR 3C 5Hz
Device Type = IGU-16HR 3C 5Hz
Start Date = "2023/04/04"
Start Time = "00:00:00"
End Time = "00:00:00"
FIFO Storage MODE = 1
GPS Power Mode = CycleOff
Channel Number = 3
Channel 1 Type = 98
Channel 2 Type = 98
Channel 3 Type = 98
Channel 4 Type = 97
Sample Rate = 400
Channel 1 Gain = 18
Channel 2 Gain = 18
Channel 3 Gain = 18
Channel 4 Gain = 0
Anti-alias Filter Type = Linear
Low Cutter Filter = 11
Remove Idle Tone = 2
Voltage Threshold = 650,600

Ch1 Resistance = 1.7730, 1.7802
Ch1 Resonate Freq = 145.2701
Ch1 Damping = 0.4205
Ch1 Sensitivity = 141.4245
Ch1 RMS Noise = 1.1749
Ch1 Spread Noise = 292.2115

Ch2 Resistance = 1.5423, 1.6893
Ch2 Resonate Freq = 49.9888
Ch2 Damping = 0.2105
Ch2 Sensitivity = 67.9211
Ch2 RMS Noise = 1.1709
Ch2 Spread Noise = 119525.7656

Ch3 Resistance = 1.7705, 1.7826
Ch3 Resonate Freq = 229.6536
Ch3 Damping = 0.1970
Ch3 Sensitivity = 166.4210
Ch3 RMS Noise = 1.1999
Ch3 Spread Noise = 180.4136

SD Manufacturer ID = 0xad
SD OEM_Application ID = 0x4c53
SD Product Name = "21XL8"
SD Production Revision = 16
SD Production SN = 943202049
SD Manufacture Date = 0x0187


[BatteryPowerOnStop]

[DeviceInfo00002]
BootReason = 0300
Firmware Version = V1.1.2.0be
Serial Number = 453038428
BootLoader Version = V1.0.1.8
Boot RTC ="2015/12/18,02:22:00"
Script Name = HR 3C 5Hz Standard Script
Project Name = IGU-16HR 3C 5Hz
Device Type = IGU-16HR 3C 5Hz
Start Date = "2023/04/04"
Start Time = "00:00:00"
End Time = "00:00:00"
FIFO Storage MODE = 1
Existing DATA Segments = 0
Starting DATA Segment# = 0
GPS Power Mode = CycleOff
Channel Number = 3
Channel 1 Type = 98
Channel 2 Type = 98
Channel 3 Type = 98
Channel 4 Type = 97
Sample Rate = 400
Channel 1 Gain = 18
Channel 2 Gain = 18
Channel 3 Gain = 18
Channel 4 Gain = 0
Anti-alias Filter Type = Linear
Low Cutter Filter = 11
Remove Idle Tone = 2
Voltage Threshold = 650,600

Ch1 Resistance = 1.7748, 1.7947
Ch1 Resonate Freq = 5.1485
Ch1 Damping = 0.7104
Ch1 Sensitivity = 78.7743
Ch1 RMS Noise = 1.1693
Ch1 Spread Noise = 976.2060

Ch2 Resistance = 1.7863, 1.7750
Ch2 Resonate Freq = 4.9382
Ch2 Damping = 0.5491
Ch2 Sensitivity = 33.5304
Ch2 RMS Noise = 1.1554
Ch2 Spread Noise = 926.5280

Ch3 Resistance = 1.7826, 1.7840
Ch3 Resonate Freq = 5.3283
Ch3 Damping = 0.6711
Ch3 Sensitivity = 76.9933
Ch3 RMS Noise = 1.1923
Ch3 Spread Noise = 932.9564

GPS Lock Time = "2024/10/08,02:25:11"
GPS Tick = 54
Satellite Number = 07
GPS Strength     = "43,42,42,42,42,41,39"
Satellite ID     = "10, 5,18,24,40,23,50"
Calendar Reference = 2024/10/08,02:25 <-> 2023/04/04,00:00
Wait Time to Work = 0(0x00000000)
Voltage = 8.2278
Free TF Memory = 120975
Sensor Type = TMPx75
Booting Temperature = 21.1875
Upper Resistance Limit = 1905, 1899.2
Lower Resistance Limit = 1640, 1635.0
Booting eCompass North =   0.000
Booting Tilted Angle =   7.559
Booting Roll Angle   = -1.230
Booting Pitch Angle  = -7.457
Geophone Test Passed = 1
Sync Delay = 256.9259
Sync Count = 1

[GPS00001]
GPS Status = GPS Cycle Off
GPS Tick = 96
UTC Time = ","
DAC Value = 1987
ADC Sync Value = 2907, 61, 37181
Phase Error = 1
Max Phase Error = 1

[Notify00001]
UTC Time = "2024/10/08,02:26:07"
Start Acquisition FileName = "Seis000.DLD"

[GPS00002]
GPS Status = GPS Synchronization
UTC Time = "2024/10/08,02:33:19"
Leap Second = 0
eCompass North = 167.624
Tilted Angle =   9.453
Roll Angle   = -1.046
Pitch Angle  = -9.394
GPS Power = OFF
Latest Fix UTC Time = "2024/10/08,02:25:53"
Satellite Number = 07
GPS Strength     = "42,42,40,40,40,39,39"
Satellite ID     = "10,23, 5,18,40,24,50"
Longitude = 116.760453167
Latitude   = 39.596254333
Altitude   = 32.2
RTC Time = "2024/10/08,02:33:24"

[GPS00003]
GPS Status = GPS Cycle On
GPS Tick = 479
UTC Time = "2024/10/08,02:33:19"

[GPS00004]
GPS Status = GPS Cycle Off
GPS Tick = 50
UTC Time = "2024/10/08,02:34:07"
DAC Value = 1985
ADC Sync Value = 2907, 89, 58216
Phase Error = 4
Max Phase Error = 4

[Temperature00001]
UTC Time = "2024/10/08,02:34:55"
Temperature = 21.9375

[DeviceInfo00003]
BootReason = 0300
Firmware Version = V1.1.2.0be
Serial Number = 453038428
BootLoader Version = V1.0.1.8
Boot RTC ="2024/10/08,02:42:36"
Script Name = HR 3C 5Hz Standard Script
Project Name = IGU-16HR 3C 5Hz
Device Type = IGU-16HR 3C 5Hz
Start Date = "2023/04/04"
Start Time = "00:00:00"
End Time = "00:00:00"
FIFO Storage MODE = 1
Existing DATA Segments = 1
Starting DATA Segment# = 1
GPS Power Mode = CycleOff
Channel Number = 3
Channel 1 Type = 98
Channel 2 Type = 98
Channel 3 Type = 98
Channel 4 Type = 97
Sample Rate = 400
Channel 1 Gain = 18
Channel 2 Gain = 18
Channel 3 Gain = 18
Channel 4 Gain = 0
Anti-alias Filter Type = Linear
Low Cutter Filter = 11
Remove Idle Tone = 2
Voltage Threshold = 650,600

Ch1 Resistance = 1.7745, 1.7947
Ch1 Resonate Freq = 5.0101
Ch1 Damping = 0.6962
Ch1 Sensitivity = 77.1641
Ch1 RMS Noise = 1.1999
Ch1 Spread Noise = 530.0671

Ch2 Resistance = 1.7871, 1.7760
Ch2 Resonate Freq = 5.2074
Ch2 Damping = 0.4711
Ch2 Sensitivity = 31.6365
Ch2 RMS Noise = 1.1386
Ch2 Spread Noise = 880.2623

Ch3 Resistance = 1.7852, 1.7738
Ch3 Resonate Freq = 5.1526
Ch3 Damping = 0.5806
Ch3 Sensitivity = 72.1460
Ch3 RMS Noise = 1.1894
Ch3 Spread Noise = 730.0801

GPS Lock Time = "2024/10/08,02:43:18"
GPS Tick = 22
Satellite Number = 07
GPS Strength     = "44,43,42,42,42,41,40"
Satellite ID     = "18,40,10,23,24,15, 5"
Calendar Reference = 2024/10/08,02:43 <-> 2023/04/04,00:00
Wait Time to Work = 0(0x00000000)
Voltage = 8.1491
Free TF Memory = 120974
Sensor Type = TMPx75
Booting Temperature = 21.4375
Upper Resistance Limit = 1905, 1901.0
Lower Resistance Limit = 1640, 1636.6
Booting eCompass North =   0.000
Booting Tilted Angle =   7.948
Booting Roll Angle   = -1.700
Booting Pitch Angle  = -7.762
Geophone Test Passed = 1
Sync Delay = 256.9259
Sync Count = 1

[Notify00001]
UTC Time = "2024/10/08,02:44:15"
Start Acquisition FileName = "Seis001.DLD"

[GPS00005]
GPS Status = GPS Cycle Off
GPS Tick = 83
UTC Time = "2024/10/08,02:44:15"
DAC Value = 1987
ADC Sync Value = 2907, 80, 36370
Phase Error = 1
Max Phase Error = 1

[GPS00006]
GPS Status = GPS Synchronization
UTC Time = "2024/10/08,02:51:27"
Leap Second = 0
eCompass North = 155.269
Tilted Angle =   7.734
Roll Angle   = -1.760
Pitch Angle  = -7.529
GPS Power = OFF
Latest Fix UTC Time = "2024/10/08,02:44:19"
Satellite Number = 08
GPS Strength     = "46,44,43,41,41,41,40,40"
Satellite ID     = "24,23,40,10,18,50,15,32"
Longitude = 116.760464500
Latitude   = 39.596221667
Altitude   = 30.8
RTC Time = "2024/10/08,02:51:32"

[GPS00007]
GPS Status = GPS Cycle On
GPS Tick = 480
UTC Time = "2024/10/08,02:52:15"

[GPS00008]
GPS Status = GPS Cycle Off
GPS Tick = 56
UTC Time = "2024/10/08,02:53:03"
DAC Value = 1989
ADC Sync Value = 2907, 110, 63771
Phase Error = 2
Max Phase Error = 2

[Temperature00002]
UTC Time = "2024/10/08,02:53:03"
Temperature = 22.1250

[GPS00009]
GPS Status = GPS Synchronization
UTC Time = "2024/10/08,02:59:27"
Leap Second = 0
eCompass North = 157.668
Tilted Angle =   7.638
Roll Angle   = -2.108
Pitch Angle  = -7.338
GPS Power = OFF
Latest Fix UTC Time = "2024/10/08,02:53:15"
Satellite Number = 09
GPS Strength     = "46,44,44,44,43,43,42,42,40"
Satellite ID     = "32,10,18,40, 5,23,24,50,15"
Longitude = 116.760430333
Latitude   = 39.596273333
Altitude   = 35.3
RTC Time = "2024/10/08,02:59:45"

[GPS00010]
GPS Status = GPS Cycle On
GPS Tick = 480
UTC Time = "2024/10/08,03:01:03"

[GPS00011]
GPS Status = GPS Cycle Off
GPS Tick = 66
UTC Time = "2024/10/08,03:01:51"
DAC Value = 1989
ADC Sync Value = 2907, 146, 93547
Phase Error = 20
Max Phase Error = 20

[Temperature00003]
UTC Time = "2024/10/08,03:03:27"
Temperature = 22.2500

[DeviceInfo00004]
BootReason = 0087
Firmware Version = V1.1.2.0be
Serial Number = 453038428
BootLoader Version = V1.0.1.8
Script Name = HR 3C 5Hz Standard Script
Project Name = IGU-16HR 3C 5Hz
Device Type = IGU-16HR 3C 5Hz
Start Date = "2023/04/04"
Start Time = "00:00:00"
End Time = "00:00:00"
FIFO Storage MODE = 1
GPS Power Mode = CycleOff
Channel Number = 3
Channel 1 Type = 98
Channel 2 Type = 98
Channel 3 Type = 98
Channel 4 Type = 97
Sample Rate = 400
Channel 1 Gain = 18
Channel 2 Gain = 18
Channel 3 Gain = 18
Channel 4 Gain = 0
Anti-alias Filter Type = Linear
Low Cutter Filter = 11
Remove Idle Tone = 2
Voltage Threshold = 650,600

Ch1 Resistance = 1.8086, 1.6770
Ch1 Resonate Freq = 5.1946
Ch1 Damping = 0.3439
Ch1 Sensitivity = 70.4259
Ch1 RMS Noise = 1.1679
Ch1 Spread Noise = 1004202.1250

Ch2 Resistance = 1.7872, 1.8407
Ch2 Resonate Freq = 3.6743
Ch2 Damping = 0.4022
Ch2 Sensitivity = 52.7683
Ch2 RMS Noise = 1.1903
Ch2 Spread Noise = 296022.2500

Ch3 Resistance = 1.7974, 1.6582
Ch3 Resonate Freq = 4.9924
Ch3 Damping = 0.2474
Ch3 Sensitivity = 69.5187
Ch3 RMS Noise = 1.1863
Ch3 Spread Noise = 118667.5391

SD Manufacturer ID = 0xad
SD OEM_Application ID = 0x4c53
SD Product Name = "21XL8"
SD Production Revision = 16
SD Production SN = 943202049
SD Manufacture Date = 0x0187


[BatteryPowerOnStop]

[DeviceInfo00005]
BootReason = 0087
Firmware Version = V1.1.2.0be
Serial Number = 453038428
BootLoader Version = V1.0.1.8
Script Name = HR 3C 5Hz Standard Script
Project Name = IGU-16HR 3C 5Hz
Device Type = IGU-16HR 3C 5Hz
Start Date = "2023/04/04"
Start Time = "00:00:00"
End Time = "00:00:00"
FIFO Storage MODE = 1
GPS Power Mode = CycleOff
Channel Number = 3
Channel 1 Type = 98
Channel 2 Type = 98
Channel 3 Type = 98
Channel 4 Type = 97
Sample Rate = 400
Channel 1 Gain = 18
Channel 2 Gain = 18
Channel 3 Gain = 18
Channel 4 Gain = 0
Anti-alias Filter Type = Linear
Low Cutter Filter = 11
Remove Idle Tone = 2
Voltage Threshold = 650,600

Ch1 Resistance = 1.8040, 1.8095
Ch1 Resonate Freq = 147.1291
Ch1 Damping = 0.4226
Ch1 Sensitivity = 142.0874
Ch1 RMS Noise = 1.1528
Ch1 Spread Noise = 237.6648

Ch2 Resistance = 1.7836, 1.8018
Ch2 Resonate Freq = 4.8824
Ch2 Damping = 0.7081
Ch2 Sensitivity = 76.8824
Ch2 RMS Noise = 1.1875
Ch2 Spread Noise = 1504.2227

Ch3 Resistance = 1.7863, 1.7963
Ch3 Resonate Freq = 448.6799
Ch3 Damping = 0.5478
Ch3 Sensitivity = 253.9642
Ch3 RMS Noise = 1.1911
Ch3 Spread Noise =   4.7506

SD Manufacturer ID = 0xad
SD OEM_Application ID = 0x4c53
SD Product Name = "21XL8"
SD Production Revision = 16
SD Production SN = 943202049
SD Manufacture Date = 0x0187


[BatteryPowerOnStop]
