<00009,00005,00001,00000,00000,00000,00001>

[DeviceInfo00001]
BootReason = 0087
Firmware Version = V1.1.4.2be
Serial Number = 453046210
BootLoader Version = V1.0.1.8
Script Name = HR3C 5HZ Standard Script
Project Name = IGU-16HR 3C 5HZ
Device Type = IGU-16HR 3C 5Hz
Start Date = "2025/09/02"
Start Time = "00:00:00"
End Time = "00:00:00"
FIFO Storage MODE = 1
GNSS Power Mode = CycleOff
Channel Number = 3
Channel 1 Type = 98
Channel 2 Type = 98
Channel 3 Type = 98
Channel 4 Type = 97
Sample Rate = 200
Channel 1 Gain = 36
Channel 2 Gain = 36
Channel 3 Gain = 36
Channel 4 Gain = 0
Anti-alias Filter Type = Linear
Low Cutter Filter = 11
Remove Idle Tone = 2
Voltage Threshold = 650,600

ADC LP Mode = 1
Ch1 Resistance = 1.8267, 1.8220
Ch1 Resonate Freq = 147.1062
Ch1 Damping = 0.4586
Ch1 Sensitivity = 142.0930
Ch1 RMS Noise = 1.6323
Ch1 Spread Noise = 649.6595

Ch2 Resistance = 1.8243, 1.8312
Ch2 Resonate Freq = 1387.5570
Ch2 Damping = 0.5102
Ch2 Sensitivity = 910.6554
Ch2 RMS Noise = 1.6209
Ch2 Spread Noise = 61225.1484

Ch3 Resistance = 1.8253, 1.8164
Ch3 Resonate Freq = 436.2078
Ch3 Damping = 0.5234
Ch3 Sensitivity = 250.1755
Ch3 RMS Noise = 1.5950
Ch3 Spread Noise = 111.8494

SD Manufacturer ID = 0xad
SD OEM_Application ID = 0x4c53
SD Product Name = "21XL8"
SD Production Revision = 16
SD Production SN = 925972116
SD Manufacture Date = 0x0193


[BatteryPowerOnStop]

[DeviceInfo00002]
BootReason = 0300
Firmware Version = V1.1.4.2be
Serial Number = 453046210
BootLoader Version = V1.0.1.8
Boot RTC ="2015/12/18,02:17:38"
Script Name = HR3C 5HZ Standard Script
Project Name = IGU-16HR 3C 5HZ
Device Type = IGU-16HR 3C 5Hz
Start Date = "2025/09/02"
Start Time = "00:00:00"
End Time = "00:00:00"
FIFO Storage MODE = 1
Existing DATA Segments = 0
Starting DATA Segment# = 0
GNSS Power Mode = CycleOff
Channel Number = 3
Channel 1 Type = 98
Channel 2 Type = 98
Channel 3 Type = 98
Channel 4 Type = 97
Sample Rate = 200
Channel 1 Gain = 36
Channel 2 Gain = 36
Channel 3 Gain = 36
Channel 4 Gain = 0
Anti-alias Filter Type = Linear
Low Cutter Filter = 11
Remove Idle Tone = 2
Voltage Threshold = 650,600

ADC LP Mode = 1
Ch1 Resistance = 1.8270, 1.8296
Ch1 Resonate Freq = 5.0431
Ch1 Damping = 0.6786
Ch1 Sensitivity = 77.0388
Ch1 RMS Noise = 1.6023
Ch1 Spread Noise = 376388.3750

Ch2 Resistance = 1.8277, 1.8319
Ch2 Resonate Freq = 4.8543
Ch2 Damping = 0.6876
Ch2 Sensitivity = 76.2761
Ch2 RMS Noise = 1.6067
Ch2 Spread Noise = 210905.7969

Ch3 Resistance = 1.8276, 1.8312
Ch3 Resonate Freq = 4.8697
Ch3 Damping = 0.6704
Ch3 Sensitivity = 76.6779
Ch3 RMS Noise = 1.6125
Ch3 Spread Noise = 174578.7188

NMEA41 = 1
USE_MAX_M10s = 1
GNSS Lock Time = "2026/06/05,01:40:42"
GNSS Tick = 32
Satellite Number = 08
GPS Strength     = "46,42,42,41,41,41,39,39"
Satellite ID     = "22, 6,19, 9,11,50, 3, 4"
Calendar Reference = 2026/06/05,01:40 <-> 2025/09/02,00:00
Wait Time to Work = 0(0x00000000)
Voltage = 8.2384
Free TF Memory = 120975
Sensor Type = TMPx75
Booting Temperature = 24.6875
Upper Resistance Limit = 1905, 1924.2
Lower Resistance Limit = 1640, 1656.5
Booting eCompass North =   0.000
Booting Tilted Angle =   1.202
Booting Roll Angle   = -0.278
Booting Pitch Angle  = 1.169
Geophone Test Passed = 1
Sync Delay = 128.4637
Sync Count = 1

[Notify00001]
UTC Time = "2026/06/05,01:41:13"
Start Acquisition FileName = "Seis000.DLD"

[GNSS00001]
GNSS Status = GNSS Cycle Off
GNSS Tick = 81
UTC Time = "2026/06/05,01:41:37"
DAC Value = 2058
ADC Sync Value = 2907, 61, 26110
Phase Error = 1
Max Phase Error = 1

[GNSS00002]
GNSS Status = GNSS Synchronization
UTC Time = "2026/06/05,01:48:49"
Leap Second = 0
eCompass North =  83.278
Tilted Angle =   1.752
Roll Angle   = 0.554
Pitch Angle  = -1.662
GNSS Power = OFF
Latest Fix UTC Time = "2026/06/05,01:41:32"
Satellite Number = 12
GPS Strength     = "39,39,39,38,38,37,37,36,35,35,32,31"
Satellite ID     = " 6,11,41, 4,17,14,22, 3,13,19,12, 9"
Longitude = 116.760443833
Latitude   = 39.595968333
Altitude   = 66.8
RTC Time = "2026/06/05,01:48:53"

[Temperature00001]
UTC Time = "2026/06/05,01:50:49"
Temperature = 25.5000

[GNSS00003]
GNSS Status = GNSS Cycle On
GNSS Tick = 548
UTC Time = "2026/06/05,01:50:49"

[GNSS00004]
GNSS Status = GNSS Cycle Off
GNSS Tick = 161
UTC Time = "2026/06/05,01:53:13"
DAC Value = 2060
ADC Sync Value = 2907, 215, 83112
Phase Error = 20
Max Phase Error = 20

[GNSS00005]
GNSS Status = GNSS Synchronization
UTC Time = "2026/06/05,01:56:49"
Leap Second = 0
eCompass North = 146.977
Tilted Angle =   3.582
Roll Angle   = -2.560
Pitch Angle  = 2.504
GNSS Power = OFF
Latest Fix UTC Time = "2026/06/05,01:53:22"
Satellite Number = 12
GPS Strength     = "38,35,34,33,32,32,32,31,31,31,30,29"
Satellite ID     = "22, 6,17,11, 9,42,50, 4,19,21,14,40"
Longitude = 116.760502000
Latitude   = 39.595902500
Altitude   = 27.6
RTC Time = "2026/06/05,01:57:04"

[DeviceInfo00003]
BootReason = 0007
Firmware Version = V1.1.4.2be
Serial Number = 453046210
BootLoader Version = V1.0.1.8
Boot RTC ="2026/09/24,02:07:02"
Script Name = HR3C 5HZ Standard Script
Project Name = IGU-16HR 3C 5HZ
Device Type = IGU-16HR 3C 5Hz
Start Date = "2025/09/02"
Start Time = "00:00:00"
End Time = "00:00:00"
FIFO Storage MODE = 1
GNSS Power Mode = CycleOff
Channel Number = 3
Channel 1 Type = 98
Channel 2 Type = 98
Channel 3 Type = 98
Channel 4 Type = 97
Sample Rate = 200
Channel 1 Gain = 36
Channel 2 Gain = 36
Channel 3 Gain = 36
Channel 4 Gain = 0
Anti-alias Filter Type = Linear
Low Cutter Filter = 11
Remove Idle Tone = 2
Voltage Threshold = 650,600


[DeviceInfo00004]
BootReason = 0007
Firmware Version = V1.1.4.2be
Serial Number = 453046210
BootLoader Version = V1.0.1.8
Boot RTC ="2026/09/24,02:36:19"
Script Name = HR3C 5HZ Standard Script
Project Name = IGU-16HR 3C 5HZ
Device Type = IGU-16HR 3C 5Hz
Start Date = "2025/09/02"
Start Time = "00:00:00"
End Time = "00:00:00"
FIFO Storage MODE = 1
GNSS Power Mode = CycleOff
Channel Number = 3
Channel 1 Type = 98
Channel 2 Type = 98
Channel 3 Type = 98
Channel 4 Type = 97
Sample Rate = 200
Channel 1 Gain = 36
Channel 2 Gain = 36
Channel 3 Gain = 36
Channel 4 Gain = 0
Anti-alias Filter Type = Linear
Low Cutter Filter = 11
Remove Idle Tone = 2
Voltage Threshold = 650,600


[DeviceInfo00005]
BootReason = 0007
Firmware Version = V1.1.4.2be
Serial Number = 453046210
BootLoader Version = V1.0.1.8
Boot RTC ="2026/09/24,02:36:53"
Script Name = HR3C 5HZ Standard Script
Project Name = IGU-16HR 3C 5HZ
Device Type = IGU-16HR 3C 5Hz
Start Date = "2025/09/02"
Start Time = "00:00:00"
End Time = "00:00:00"
FIFO Storage MODE = 1
GNSS Power Mode = CycleOff
Channel Number = 3
Channel 1 Type = 98
Channel 2 Type = 98
Channel 3 Type = 98
Channel 4 Type = 97
Sample Rate = 200
Channel 1 Gain = 36
Channel 2 Gain = 36
Channel 3 Gain = 36
Channel 4 Gain = 0
Anti-alias Filter Type = Linear
Low Cutter Filter = 11
Remove Idle Tone = 2
Voltage Threshold = 650,600

ADC LP Mode = 1
Ch1 Resistance = 1.8185, 1.8149
Ch1 Resonate Freq = 142.0363
Ch1 Damping = 0.3714
Ch1 Sensitivity = 136.7001
Ch1 RMS Noise = 1.6520
Ch1 Spread Noise = 281.7779

Ch2 Resistance = 1.8002, 1.7907
Ch2 Resonate Freq = 73.1640
Ch2 Damping = 0.3072
Ch2 Sensitivity = 94.0588
Ch2 RMS Noise = 1.5911
Ch2 Spread Noise = 156.7846

Ch3 Resistance = 1.7990, 1.7912
Ch3 Resonate Freq = 438.4005
Ch3 Damping = 0.5556
Ch3 Sensitivity = 259.0728
Ch3 RMS Noise = 1.5975
Ch3 Spread Noise = 121.5733

SD Manufacturer ID = 0xad
SD OEM_Application ID = 0x4c53
SD Product Name = "21XL8"
SD Production Revision = 16
SD Production SN = 925972116
SD Manufacture Date = 0x0193


[BatteryPowerOnStop]

[DeviceInfo00006]
BootReason = 0007
Firmware Version = V1.1.4.2be
Serial Number = 453046210
BootLoader Version = V1.0.1.8
Boot RTC ="2026/09/24,02:40:24"
Script Name = HR3C 5HZ Standard Script
Project Name = IGU-16HR 3C 5HZ
Device Type = IGU-16HR 3C 5Hz
Start Date = "2025/09/02"
Start Time = "00:00:00"
End Time = "00:00:00"
FIFO Storage MODE = 1
GNSS Power Mode = CycleOff
Channel Number = 3
Channel 1 Type = 98
Channel 2 Type = 98
Channel 3 Type = 98
Channel 4 Type = 97
Sample Rate = 200
Channel 1 Gain = 36
Channel 2 Gain = 36
Channel 3 Gain = 36
Channel 4 Gain = 0
Anti-alias Filter Type = Linear
Low Cutter Filter = 11
Remove Idle Tone = 2
Voltage Threshold = 650,600


[DeviceInfo00007]
BootReason = 0007
Firmware Version = V1.1.4.2be
Serial Number = 453046210
BootLoader Version = V1.0.1.8
Boot RTC ="2026/09/24,02:40:57"
Script Name = HR3C 5HZ Standard Script
Project Name = IGU-16HR 3C 5HZ
Device Type = IGU-16HR 3C 5Hz
Start Date = "2025/09/02"
Start Time = "00:00:00"
End Time = "00:00:00"
FIFO Storage MODE = 1
GNSS Power Mode = CycleOff
Channel Number = 3
Channel 1 Type = 98
Channel 2 Type = 98
Channel 3 Type = 98
Channel 4 Type = 97
Sample Rate = 200
Channel 1 Gain = 36
Channel 2 Gain = 36
Channel 3 Gain = 36
Channel 4 Gain = 0
Anti-alias Filter Type = Linear
Low Cutter Filter = 11
Remove Idle Tone = 2
Voltage Threshold = 650,600


[DeviceInfo00008]
BootReason = 0007
Firmware Version = V1.1.4.2be
Serial Number = 453046210
BootLoader Version = V1.0.1.8
Boot RTC ="2026/09/24,02:44:27"
Script Name = HR3C 5HZ Standard Script
Project Name = IGU-16HR 3C 5HZ
Device Type = IGU-16HR 3C 5Hz
Start Date = "2025/09/02"
Start Time = "00:00:00"
End Time = "00:00:00"
FIFO Storage MODE = 1
GNSS Power Mode = CycleOff
Channel Number = 3
Channel 1 Type = 98
Channel 2 Type = 98
Channel 3 Type = 98
Channel 4 Type = 97
Sample Rate = 200
Channel 1 Gain = 36
Channel 2 Gain = 36
Channel 3 Gain = 36
Channel 4 Gain = 0
Anti-alias Filter Type = Linear
Low Cutter Filter = 11
Remove Idle Tone = 2
Voltage Threshold = 650,600

ADC LP Mode = 1
Ch1 Resistance = 1.8244, 1.8193
Ch1 Resonate Freq = 146.5098
Ch1 Damping = 0.4318
Ch1 Sensitivity = 142.5081
Ch1 RMS Noise = 1.6201
Ch1 Spread Noise =  57.1849

Ch2 Resistance = 1.8046, 1.7955
Ch2 Resonate Freq = 271.8831
Ch2 Damping = 0.4721
Ch2 Sensitivity = 194.2739
Ch2 RMS Noise = 1.6313
Ch2 Spread Noise =  28.6746

Ch3 Resistance = 1.8046, 1.5652
Ch3 Resonate Freq = 5.8312
Ch3 Damping = 0.5713
Ch3 Sensitivity = 83.7140
Ch3 RMS Noise = 1.5982
Ch3 Spread Noise = 2625.0593

SD Manufacturer ID = 0xad
SD OEM_Application ID = 0x4c53
SD Product Name = "21XL8"
SD Production Revision = 16
SD Production SN = 925972116
SD Manufacture Date = 0x0193


[BatteryPowerOnStop]

[DeviceInfo00009]
BootReason = 0087
Firmware Version = V1.1.4.2be
Serial Number = 453046210
BootLoader Version = V1.0.1.8
Script Name = HR3C 5HZ Standard Script
Project Name = IGU-16HR 3C 5HZ
Device Type = IGU-16HR 3C 5Hz
Start Date = "2025/09/02"
Start Time = "00:00:00"
End Time = "00:00:00"
FIFO Storage MODE = 1
GNSS Power Mode = CycleOff
Channel Number = 3
Channel 1 Type = 98
Channel 2 Type = 98
Channel 3 Type = 98
Channel 4 Type = 97
Sample Rate = 200
Channel 1 Gain = 36
Channel 2 Gain = 36
Channel 3 Gain = 36
Channel 4 Gain = 0
Anti-alias Filter Type = Linear
Low Cutter Filter = 11
Remove Idle Tone = 2
Voltage Threshold = 650,600

ADC LP Mode = 1
Ch1 Resistance = 1.8105, 1.8108
Ch1 Resonate Freq = 5.1353
Ch1 Damping = 0.6926
Ch1 Sensitivity = 78.2612
Ch1 RMS Noise = 1.6395
Ch1 Spread Noise = 116.5241

Ch2 Resistance = 1.7963, 1.7953
Ch2 Resonate Freq = 4.9175
Ch2 Damping = 0.7027
Ch2 Sensitivity = 77.0868
Ch2 RMS Noise = 1.5674
Ch2 Spread Noise = 164.2128

Ch3 Resistance = 1.7944, 1.7454
Ch3 Resonate Freq = 6.1604
Ch3 Damping = 0.3579
Ch3 Sensitivity = 92.9880
Ch3 RMS Noise = 1.6092
Ch3 Spread Noise = 248.6153

SD Manufacturer ID = 0xad
SD OEM_Application ID = 0x4c53
SD Product Name = "21XL8"
SD Production Revision = 16
SD Production SN = 925972116
SD Manufacture Date = 0x0193


[BatteryPowerOnStop]
