<00006,00015,00004,00001,00001,00000,00001>

[DeviceInfo00001]
BootReason = 0087
Firmware Version = V1.1.2.0be
Serial Number = 453026127
BootLoader Version = V1.0.1.8
Script Name = HR 3C 5Hz Standard Script
Project Name = IGU-16HR 3C 5Hz
Device Type = IGU-16HR 3C 5Hz
Start Date = "2023/04/04"
Start Time = "00:00:00"
End Time = "00:00:00"
FIFO Storage MODE = 1
GPS Power Mode = CycleOff
Channel Number = 3
Channel 1 Type = 98
Channel 2 Type = 98
Channel 3 Type = 98
Channel 4 Type = 97
Sample Rate = 400
Channel 1 Gain = 18
Channel 2 Gain = 18
Channel 3 Gain = 18
Channel 4 Gain = 0
Anti-alias Filter Type = Linear
Low Cutter Filter = 11
Remove Idle Tone = 2
Voltage Threshold = 650,600

Ch1 Resistance = 1.7218, 1.7135
Ch1 Resonate Freq = 146.8689
Ch1 Damping = 0.4272
Ch1 Sensitivity = 139.7387
Ch1 RMS Noise = 1.1724
Ch1 Spread Noise =  21.7304

Ch2 Resistance = 1.7252, 1.7331
Ch2 Resonate Freq = 4.8420
Ch2 Damping = 0.7084
Ch2 Sensitivity = 75.6719
Ch2 RMS Noise = 55.2021
Ch2 Spread Noise = 429.8496

Ch3 Resistance = 1.7100, 1.7101
Ch3 Resonate Freq = 136.1030
Ch3 Damping = 0.4234
Ch3 Sensitivity = 134.4591
Ch3 RMS Noise = 1.1789
Ch3 Spread Noise =  45.8968

SD Manufacturer ID = 0xad
SD OEM_Application ID = 0x4c53
SD Product Name = "21XL8"
SD Production Revision = 16
SD Production SN = 830946488
SD Manufacture Date = 0x017b


[BatteryPowerOnStop]

[DeviceInfo00002]
BootReason = 0007
Firmware Version = V1.1.2.0be
Serial Number = 453026127
BootLoader Version = V1.0.1.8
Boot RTC ="2015/12/18,02:42:15"
Script Name = HR 3C 5Hz Standard Script
Project Name = IGU-16HR 3C 5Hz
Device Type = IGU-16HR 3C 5Hz
Start Date = "2023/04/04"
Start Time = "00:00:00"
End Time = "00:00:00"
FIFO Storage MODE = 1
GPS Power Mode = CycleOff
Channel Number = 3
Channel 1 Type = 98
Channel 2 Type = 98
Channel 3 Type = 98
Channel 4 Type = 97
Sample Rate = 400
Channel 1 Gain = 18
Channel 2 Gain = 18
Channel 3 Gain = 18
Channel 4 Gain = 0
Anti-alias Filter Type = Linear
Low Cutter Filter = 11
Remove Idle Tone = 2
Voltage Threshold = 650,600

Ch1 Resistance = 1.7617, 1.7577
Ch1 Resonate Freq = 138.1805
Ch1 Damping = 0.2620
Ch1 Sensitivity = 117.3507
Ch1 RMS Noise = 1.2135
Ch1 Spread Noise = 184.0919

Ch2 Resistance = 1.7634, 1.7658
Ch2 Resonate Freq = 404.2955
Ch2 Damping = 0.5613
Ch2 Sensitivity = 505.1489
Ch2 RMS Noise = 60.8375
Ch2 Spread Noise = 1102.8132

Ch3 Resistance = 1.7489, 1.7533
Ch3 Resonate Freq = 455.9164
Ch3 Damping = 0.5538
Ch3 Sensitivity = 257.0168
Ch3 RMS Noise = 28.5522
Ch3 Spread Noise =  40.6317

SD Manufacturer ID = 0xad
SD OEM_Application ID = 0x4c53
SD Product Name = "21XL8"
SD Production Revision = 16
SD Production SN = 830946488
SD Manufacture Date = 0x017b


[BatteryPowerOnStop]

[DeviceInfo00003]
BootReason = 0007
Firmware Version = V1.1.2.0be
Serial Number = 453026127
BootLoader Version = V1.0.1.8
Boot RTC ="2015/12/18,02:46:38"
Script Name = HR 3C 5Hz Standard Script
Project Name = IGU-16HR 3C 5Hz
Device Type = IGU-16HR 3C 5Hz
Start Date = "2023/04/04"
Start Time = "00:00:00"
End Time = "00:00:00"
FIFO Storage MODE = 1
GPS Power Mode = CycleOff
Channel Number = 3
Channel 1 Type = 98
Channel 2 Type = 98
Channel 3 Type = 98
Channel 4 Type = 97
Sample Rate = 400
Channel 1 Gain = 18
Channel 2 Gain = 18
Channel 3 Gain = 18
Channel 4 Gain = 0
Anti-alias Filter Type = Linear
Low Cutter Filter = 11
Remove Idle Tone = 2
Voltage Threshold = 650,600

Ch1 Resistance = 1.7616, 1.7577
Ch1 Resonate Freq = 147.4320
Ch1 Damping = 0.4338
Ch1 Sensitivity = 141.2102
Ch1 RMS Noise = 1.2052
Ch1 Spread Noise =  32.5079

Ch2 Resistance = 1.7610, 1.7729
Ch2 Resonate Freq = 4.0076
Ch2 Damping = 0.5558
Ch2 Sensitivity = 63.2833
Ch2 RMS Noise = 1.1884
Ch2 Spread Noise = 20120.5293

Ch3 Resistance = 1.7489, 1.7533
Ch3 Resonate Freq = 434.1228
Ch3 Damping = 0.5350
Ch3 Sensitivity = 249.7675
Ch3 RMS Noise = 1.1821
Ch3 Spread Noise =  38.2044

SD Manufacturer ID = 0xad
SD OEM_Application ID = 0x4c53
SD Product Name = "21XL8"
SD Production Revision = 16
SD Production SN = 830946488
SD Manufacture Date = 0x017b


[BatteryPowerOnStop]

[DeviceInfo00004]
BootReason = 0300
Firmware Version = V1.1.2.0be
Serial Number = 453026127
BootLoader Version = V1.0.1.8
Boot RTC ="2015/12/18,06:16:36"
Script Name = HR 3C 5Hz Standard Script
Project Name = IGU-16HR 3C 5Hz
Device Type = IGU-16HR 3C 5Hz
Start Date = "2023/04/04"
Start Time = "00:00:00"
End Time = "00:00:00"
FIFO Storage MODE = 1
Existing DATA Segments = 0
Starting DATA Segment# = 0
GPS Power Mode = CycleOff
Channel Number = 3
Channel 1 Type = 98
Channel 2 Type = 98
Channel 3 Type = 98
Channel 4 Type = 97
Sample Rate = 400
Channel 1 Gain = 18
Channel 2 Gain = 18
Channel 3 Gain = 18
Channel 4 Gain = 0
Anti-alias Filter Type = Linear
Low Cutter Filter = 11
Remove Idle Tone = 2
Voltage Threshold = 650,600

Ch1 Resistance = 1.7689, 1.7751
Ch1 Resonate Freq = 4.7206
Ch1 Damping = 0.6758
Ch1 Sensitivity = 73.3650
Ch1 RMS Noise = 1.2020
Ch1 Spread Noise = 22795.7012

Ch2 Resistance = 1.7758, 1.7894
Ch2 Resonate Freq = 4.6217
Ch2 Damping = 0.6319
Ch2 Sensitivity = 72.1522
Ch2 RMS Noise = 1.1965
Ch2 Spread Noise = 10826.4004

Ch3 Resistance = 1.7596, 1.7720
Ch3 Resonate Freq = 4.9471
Ch3 Damping = 0.6285
Ch3 Sensitivity = 75.8811
Ch3 RMS Noise = 1.1685
Ch3 Spread Noise = 6962.2383

GPS Lock Time = "2024/09/27,05:53:02"
GPS Tick = 43
Satellite Number = 06
GPS Strength     = "46,46,45,43,40,40"
Satellite ID     = "10,32,28,25,21,23"
Calendar Reference = 2024/09/27,05:53 <-> 2023/04/04,00:00
Wait Time to Work = 0(0x00000000)
Voltage = 8.1924
Free TF Memory = 120825
Sensor Type = TMPx75
Booting Temperature = 25.6250
Upper Resistance Limit = 1905, 1930.9
Lower Resistance Limit = 1640, 1662.3
Booting eCompass North =   0.000
Booting Tilted Angle =   7.850
Booting Roll Angle   = 6.202
Booting Pitch Angle  = 4.794
Geophone Test Passed = 1
Sync Delay = 256.9259
Sync Count = 1

[Notify00001]
UTC Time = "2024/09/27,05:53:59"
Start Acquisition FileName = "Seis000.DLD"

[GPS00001]
GPS Status = GPS Cycle Off
GPS Tick = 100
UTC Time = "2024/09/27,05:53:59"
DAC Value = 2054
ADC Sync Value = 2907, 67, 43076
Phase Error = 1
Max Phase Error = 1

[GPS00002]
GPS Status = GPS Synchronization
UTC Time = "2024/09/27,06:01:11"
Leap Second = 0
eCompass North =  54.898
Tilted Angle =   8.043
Roll Angle   = 6.440
Pitch Angle  = 4.797
GPS Power = OFF
Latest Fix UTC Time = "2024/09/27,05:53:59"
Satellite Number = 08
GPS Strength     = "46,45,45,41,40,40,37,36"
Satellite ID     = "25,10,28,23,40,50,32,12"
Longitude = 116.760414500
Latitude   = 39.596255667
Altitude   = 45.1
RTC Time = "2024/09/27,06:01:16"

[GPS00003]
GPS Status = GPS Cycle On
GPS Tick = 480
UTC Time = "2024/09/27,06:01:59"

[GPS00004]
GPS Status = GPS Cycle Off
GPS Tick = 62
UTC Time = "2024/09/27,06:02:47"
DAC Value = 2051
ADC Sync Value = 2907, 113, 71231
Phase Error = 28
Max Phase Error = 28

[Temperature00001]
UTC Time = "2024/09/27,06:02:47"
Temperature = 26.2500

[GPS00005]
GPS Status = GPS Synchronization
UTC Time = "2024/09/27,06:09:11"
Leap Second = 0
eCompass North = 142.438
Tilted Angle =   3.907
Roll Angle   = 3.458
Pitch Angle  = -1.816
GPS Power = OFF
Latest Fix UTC Time = "2024/09/27,06:03:01"
Satellite Number = 08
GPS Strength     = "46,45,45,44,42,41,38,35"
Satellite ID     = "10,23,25,32,28,50,40,21"
Longitude = 116.760423500
Latitude   = 39.596230500
Altitude   = 46.4
RTC Time = "2024/09/27,06:09:17"

[GPS00006]
GPS Status = GPS Cycle On
GPS Tick = 480
UTC Time = "2024/09/27,06:10:47"

[GPS00007]
GPS Status = GPS Cycle Off
GPS Tick = 46
UTC Time = "2024/09/27,06:11:35"
DAC Value = 2055
ADC Sync Value = 2907, 145, 89512
Phase Error = 29
Max Phase Error = 29

[Temperature00002]
UTC Time = "2024/09/27,06:13:11"
Temperature = 26.4375

[GPS00008]
GPS Status = GPS Synchronization
UTC Time = "2024/09/27,06:17:11"
Leap Second = 0
eCompass North = -179.540
Tilted Angle =   6.765
Roll Angle   = 5.329
Pitch Angle  = 4.155
GPS Power = OFF
Latest Fix UTC Time = "2024/09/27,06:11:47"
Satellite Number = 08
GPS Strength     = "46,46,45,42,42,41,40,39"
Satellite ID     = "28,32,10,21,23,40,12,25"
Longitude = 116.760428667
Latitude   = 39.596142667
Altitude   = 26.2
RTC Time = "2024/09/27,06:17:29"

[GPS00009]
GPS Status = GPS Cycle On
GPS Tick = 480
UTC Time = "2024/09/27,06:19:35"

[GPS00010]
GPS Status = GPS Cycle Off
GPS Tick = 74
UTC Time = "2024/09/27,06:20:23"
DAC Value = 2054
ADC Sync Value = 2907, 191, 119434
Phase Error = 34
Max Phase Error = 34

[Battery00001]
UTC Time = "2024/09/27,06:22:47"
Voltage = 8.1874

[Temperature00003]
UTC Time = "2024/09/27,06:23:35"
Temperature = 26.6250

[GPS00011]
GPS Status = GPS Synchronization
UTC Time = "2024/09/27,06:25:11"
Leap Second = 0
eCompass North = -179.596
Tilted Angle =   6.325
Roll Angle   = 4.912
Pitch Angle  = 3.975
GPS Power = OFF
Latest Fix UTC Time = "2024/09/27,06:21:01"
Satellite Number = 08
GPS Strength     = "47,45,45,45,41,41,39,38"
Satellite ID     = "10,25,28,32,23,40,50,21"
Longitude = 116.760431667
Latitude   = 39.596254000
Altitude   = 17.2
RTC Time = "2024/09/27,06:25:40"

[GPS00012]
GPS Status = GPS Cycle On
GPS Tick = 480
UTC Time = "2024/09/27,06:28:23"

[GPS00013]
GPS Status = GPS Cycle Off
GPS Tick = 226
UTC Time = "2024/09/27,06:32:23"
DAC Value = 2054
ADC Sync Value = 2907, 403, 216992
Phase Error = 10
Max Phase Error = 34

[GPS00014]
GPS Status = GPS Synchronization
UTC Time = "2024/09/27,06:33:11"
Leap Second = 0
eCompass North = -176.718
Tilted Angle =   6.614
Roll Angle   = 5.090
Pitch Angle  = 4.211
GPS Power = OFF
Latest Fix UTC Time = "2024/09/27,06:32:47"
Satellite Number = 09
GPS Strength     = "46,45,45,43,42,41,41,39,38"
Satellite ID     = "10,25,32,28,40,23,31,50,12"
Longitude = 116.760429833
Latitude   = 39.596221500
Altitude   = 11.4
RTC Time = "2024/09/27,06:33:52"

[Temperature00004]
UTC Time = "2024/09/27,06:33:59"
Temperature = 26.8125

[UserMagneticStop]
UTC Time = "2024/09/27,06:40:23"

[Memory00001]
UTC Time = "2024/09/27,06:40:23"
Total Memory     = 120983
Available Memory = 120819
Used Memory      = 164

[GPS00015]
GPS Status = GPS Cycle On
GPS Tick = 480
UTC Time = "2024/09/27,06:40:23"

[DeviceInfo00005]
BootReason = 0087
Firmware Version = V1.1.2.0be
Serial Number = 453026127
BootLoader Version = V1.0.1.8
Script Name = HR 3C 5Hz Standard Script
Project Name = IGU-16HR 3C 5Hz
Device Type = IGU-16HR 3C 5Hz
Start Date = "2023/04/04"
Start Time = "00:00:00"
End Time = "00:00:00"
FIFO Storage MODE = 1
GPS Power Mode = CycleOff
Channel Number = 3
Channel 1 Type = 98
Channel 2 Type = 98
Channel 3 Type = 98
Channel 4 Type = 97
Sample Rate = 400
Channel 1 Gain = 18
Channel 2 Gain = 18
Channel 3 Gain = 18
Channel 4 Gain = 0
Anti-alias Filter Type = Linear
Low Cutter Filter = 11
Remove Idle Tone = 2
Voltage Threshold = 650,600

Ch1 Resistance = 1.7538, 1.7546
Ch1 Resonate Freq = 4.8837
Ch1 Damping = 0.6903
Ch1 Sensitivity = 74.6242
Ch1 RMS Noise = 1.2346
Ch1 Spread Noise = 1062.7583

Ch2 Resistance = 1.7409, 1.6829
Ch2 Resonate Freq = 4.2835
Ch2 Damping = 0.5231
Ch2 Sensitivity = 63.2477
Ch2 RMS Noise = 1.1845
Ch2 Spread Noise = 543.9785

Ch3 Resistance = 1.7255, 1.7381
Ch3 Resonate Freq = 4.4526
Ch3 Damping = 0.5783
Ch3 Sensitivity = 66.7578
Ch3 RMS Noise = 1.1581
Ch3 Spread Noise = 674.0857

SD Manufacturer ID = 0xad
SD OEM_Application ID = 0x4c53
SD Product Name = "21XL8"
SD Production Revision = 16
SD Production SN = 830946488
SD Manufacture Date = 0x017b


[BatteryPowerOnStop]

[DeviceInfo00006]
BootReason = 0087
Firmware Version = V1.1.2.0be
Serial Number = 453026127
BootLoader Version = V1.0.1.8
Script Name = HR 3C 5Hz Standard Script
Project Name = IGU-16HR 3C 5Hz
Device Type = IGU-16HR 3C 5Hz
Start Date = "2023/04/04"
Start Time = "00:00:00"
End Time = "00:00:00"
FIFO Storage MODE = 1
GPS Power Mode = CycleOff
Channel Number = 3
Channel 1 Type = 98
Channel 2 Type = 98
Channel 3 Type = 98
Channel 4 Type = 97
Sample Rate = 400
Channel 1 Gain = 18
Channel 2 Gain = 18
Channel 3 Gain = 18
Channel 4 Gain = 0
Anti-alias Filter Type = Linear
Low Cutter Filter = 11
Remove Idle Tone = 2
Voltage Threshold = 650,600

Ch1 Resistance = 1.7436, 1.7357
Ch1 Resonate Freq = 147.6828
Ch1 Damping = 0.4264
Ch1 Sensitivity = 138.6808
Ch1 RMS Noise = 1.2212
Ch1 Spread Noise = 278.8311

Ch2 Resistance = 1.7321, 1.7272
Ch2 Resonate Freq = 140.7886
Ch2 Damping = 0.4426
Ch2 Sensitivity = 136.8433
Ch2 RMS Noise = 1.1658
Ch2 Spread Noise = 182.2242

Ch3 Resistance = 1.7161, 1.7297
Ch3 Resonate Freq = 5.0833
Ch3 Damping = 0.7002
Ch3 Sensitivity = 77.3525
Ch3 RMS Noise = 1.1247
Ch3 Spread Noise = 671.8474

SD Manufacturer ID = 0xad
SD OEM_Application ID = 0x4c53
SD Product Name = "21XL8"
SD Production Revision = 16
SD Production SN = 830946488
SD Manufacture Date = 0x017b


[BatteryPowerOnStop]
