<00004,00016,00004,00001,00001,00000,00001>

[DeviceInfo00001]
BootReason = 0087
Firmware Version = V1.1.2.0be
Serial Number = 453026245
BootLoader Version = V1.0.1.8
Script Name = HR 3C 5Hz Standard Script
Project Name = IGU-16HR 3C 5Hz
Device Type = IGU-16HR 3C 5Hz
Start Date = "2023/04/04"
Start Time = "00:00:00"
End Time = "00:00:00"
FIFO Storage MODE = 1
GPS Power Mode = CycleOff
Channel Number = 3
Channel 1 Type = 98
Channel 2 Type = 98
Channel 3 Type = 98
Channel 4 Type = 97
Sample Rate = 400
Channel 1 Gain = 18
Channel 2 Gain = 18
Channel 3 Gain = 18
Channel 4 Gain = 0
Anti-alias Filter Type = Linear
Low Cutter Filter = 11
Remove Idle Tone = 2
Voltage Threshold = 650,600

Ch1 Resistance = 1.7360, 1.7433
Ch1 Resonate Freq = 146.6171
Ch1 Damping = 0.4253
Ch1 Sensitivity = 140.7413
Ch1 RMS Noise = 1.2088
Ch1 Spread Noise =  44.9344

Ch2 Resistance = 1.7405, 1.7627
Ch2 Resonate Freq = 5.0492
Ch2 Damping = 0.6971
Ch2 Sensitivity = 77.0833
Ch2 RMS Noise = 1.1720
Ch2 Spread Noise = 2572.0027

Ch3 Resistance = 1.7353, 1.7455
Ch3 Resonate Freq = 438.5483
Ch3 Damping = 0.5330
Ch3 Sensitivity = 251.4799
Ch3 RMS Noise = 1.1503
Ch3 Spread Noise =  13.0198

SD Manufacturer ID = 0xad
SD OEM_Application ID = 0x4c53
SD Product Name = "21XL8"
SD Production Revision = 16
SD Production SN = 896998735
SD Manufacture Date = 0x0187


[BatteryPowerOnStop]

[DeviceInfo00002]
BootReason = 0300
Firmware Version = V1.1.2.0be
Serial Number = 453026245
BootLoader Version = V1.0.1.8
Boot RTC ="2015/12/18,06:18:37"
Script Name = HR 3C 5Hz Standard Script
Project Name = IGU-16HR 3C 5Hz
Device Type = IGU-16HR 3C 5Hz
Start Date = "2023/04/04"
Start Time = "00:00:00"
End Time = "00:00:00"
FIFO Storage MODE = 1
Existing DATA Segments = 0
Starting DATA Segment# = 0
GPS Power Mode = CycleOff
Channel Number = 3
Channel 1 Type = 98
Channel 2 Type = 98
Channel 3 Type = 98
Channel 4 Type = 97
Sample Rate = 400
Channel 1 Gain = 18
Channel 2 Gain = 18
Channel 3 Gain = 18
Channel 4 Gain = 0
Anti-alias Filter Type = Linear
Low Cutter Filter = 11
Remove Idle Tone = 2
Voltage Threshold = 650,600

Ch1 Resistance = 1.7844, 1.8105
Ch1 Resonate Freq = 5.1944
Ch1 Damping = 0.6908
Ch1 Sensitivity = 77.8989
Ch1 RMS Noise = 1.1871
Ch1 Spread Noise = 9142.7129

Ch2 Resistance = 1.7909, 1.8185
Ch2 Resonate Freq = 4.6133
Ch2 Damping = 0.6840
Ch2 Sensitivity = 74.6850
Ch2 RMS Noise = 1.1484
Ch2 Spread Noise = 2448.4658

Ch3 Resistance = 1.7888, 1.8137
Ch3 Resonate Freq = 5.5020
Ch3 Damping = 0.5956
Ch3 Sensitivity = 78.2815
Ch3 RMS Noise = 1.1638
Ch3 Spread Noise = 3346.4485

GPS Lock Time = "2024/09/27,05:53:08"
GPS Tick = 50
Satellite Number = 09
GPS Strength     = "47,44,40,39,39,38,37,37,36"
Satellite ID     = "32,10,50,25,28,12,21,23,40"
Calendar Reference = 2024/09/27,05:53 <-> 2023/04/04,00:00
Wait Time to Work = 0(0x00000000)
Voltage = 8.1738
Free TF Memory = 120825
Sensor Type = TMPx75
Booting Temperature = 25.5625
Upper Resistance Limit = 1905, 1930.5
Lower Resistance Limit = 1640, 1661.9
Booting eCompass North =   0.000
Booting Tilted Angle =   8.881
Booting Roll Angle   = 8.707
Booting Pitch Angle  = 1.735
Geophone Test Passed = 1
Sync Delay = 256.9257
Sync Count = 1

[Notify00001]
UTC Time = "2024/09/27,05:54:03"
Start Acquisition FileName = "Seis000.DLD"

[GPS00001]
GPS Status = GPS Cycle Off
GPS Tick = 113
UTC Time = "2024/09/27,05:54:03"
DAC Value = 2012
ADC Sync Value = 2907, 79, 47637
Phase Error = 1
Max Phase Error = 1

[GPS00002]
GPS Status = GPS Synchronization
UTC Time = "2024/09/27,06:01:15"
Leap Second = 0
eCompass North =  77.231
Tilted Angle =   8.699
Roll Angle   = 8.545
Pitch Angle  = 1.622
GPS Power = OFF
Latest Fix UTC Time = "2024/09/27,05:54:11"
Satellite Number = 09
GPS Strength     = "46,44,44,42,41,41,38,38,35"
Satellite ID     = "32,10,25,23,28,50,21,40,12"
Longitude = 116.760352667
Latitude   = 39.596311333
Altitude   = 54.6
RTC Time = "2024/09/27,06:01:20"

[GPS00003]
GPS Status = GPS Cycle On
GPS Tick = 480
UTC Time = "2024/09/27,06:02:03"

[GPS00004]
GPS Status = GPS Cycle Off
GPS Tick = 44
UTC Time = "2024/09/27,06:02:51"
DAC Value = 2010
ADC Sync Value = 2907, 113, 66144
Phase Error = 7
Max Phase Error = 7

[Temperature00001]
UTC Time = "2024/09/27,06:02:51"
Temperature = 26.1250

[GPS00005]
GPS Status = GPS Synchronization
UTC Time = "2024/09/27,06:09:15"
Leap Second = 0
eCompass North = 110.386
Tilted Angle =   2.293
Roll Angle   = 2.144
Pitch Angle  = 0.811
GPS Power = OFF
Latest Fix UTC Time = "2024/09/27,06:02:55"
Satellite Number = 08
GPS Strength     = "44,44,42,41,40,39,38,36"
Satellite ID     = "25,28,23,50,10,40,32,24"
Longitude = 116.760373333
Latitude   = 39.596221667
Altitude   = 46.8
RTC Time = "2024/09/27,06:09:32"

[GPS00006]
GPS Status = GPS Cycle On
GPS Tick = 480
UTC Time = "2024/09/27,06:10:51"

[GPS00007]
GPS Status = GPS Cycle Off
GPS Tick = 52
UTC Time = "2024/09/27,06:11:39"
DAC Value = 2013
ADC Sync Value = 2907, 145, 87450
Phase Error = 31
Max Phase Error = 31

[Temperature00002]
UTC Time = "2024/09/27,06:13:15"
Temperature = 26.3750

[GPS00008]
GPS Status = GPS Synchronization
UTC Time = "2024/09/27,06:17:15"
Leap Second = 0
eCompass North = 120.565
Tilted Angle =   2.566
Roll Angle   = 2.195
Pitch Angle  = 1.329
GPS Power = OFF
Latest Fix UTC Time = "2024/09/27,06:11:47"
Satellite Number = 08
GPS Strength     = "44,43,43,42,39,39,37,37"
Satellite ID     = "32,12,23,28,25,50,10,21"
Longitude = 116.760295833
Latitude   = 39.596112167
Altitude   = 36.8
RTC Time = "2024/09/27,06:17:44"

[GPS00009]
GPS Status = GPS Cycle On
GPS Tick = 480
UTC Time = "2024/09/27,06:19:39"

[GPS00010]
GPS Status = GPS Cycle Off
GPS Tick = 62
UTC Time = "2024/09/27,06:20:27"
DAC Value = 2010
ADC Sync Value = 2907, 179, 111810
Phase Error = 19
Max Phase Error = 31

[Battery00001]
UTC Time = "2024/09/27,06:22:51"
Voltage = 8.1358

[Temperature00003]
UTC Time = "2024/09/27,06:23:39"
Temperature = 26.5000

[GPS00011]
GPS Status = GPS Synchronization
UTC Time = "2024/09/27,06:25:15"
Leap Second = 0
eCompass North = 119.435
Tilted Angle =   2.558
Roll Angle   = 2.146
Pitch Angle  = 1.392
GPS Power = OFF
Latest Fix UTC Time = "2024/09/27,06:20:49"
Satellite Number = 07
GPS Strength     = "45,44,42,40,40,39,38"
Satellite ID     = "10,28,23,12,32,40,24"
Longitude = 116.760308167
Latitude   = 39.596042500
Altitude   = Unknown
RTC Time = "2024/09/27,06:25:56"

[GPS00012]
GPS Status = GPS Cycle On
GPS Tick = 480
UTC Time = "2024/09/27,06:28:27"

[GPS00013]
GPS Status = GPS Cycle Off
GPS Tick = 70
UTC Time = "2024/09/27,06:30:03"
DAC Value = 2013
ADC Sync Value = 2907, 223, 140781
Phase Error = 34
Max Phase Error = 34

[Temperature00004]
UTC Time = "2024/09/27,06:34:03"
Temperature = 26.6250

[GPS00014]
GPS Status = GPS Synchronization
UTC Time = "2024/09/27,06:34:03"
Leap Second = 0
eCompass North = 121.799
Tilted Angle =   2.251
Roll Angle   = 2.078
Pitch Angle  = 0.866
GPS Power = OFF
Latest Fix UTC Time = "2024/09/27,06:29:59"
Satellite Number = 09
GPS Strength     = "49,49,46,45,45,43,42,39,38"
Satellite ID     = "10,28,25,12,23,32,31,40, 2"
Longitude = 116.759972833
Latitude   = 39.595975667
Altitude   = 26.8
RTC Time = "2024/09/27,06:34:08"

[GPS00015]
GPS Status = GPS Cycle On
GPS Tick = 480
UTC Time = "2024/09/27,06:38:03"

[Memory00001]
UTC Time = "2024/09/27,06:38:51"
Total Memory     = 120983
Available Memory = 120819
Used Memory      = 164

[GPS00016]
GPS Status = GPS Cycle Off
GPS Tick = 50
UTC Time = "2024/09/27,06:38:51"
DAC Value = 2011
ADC Sync Value = 2907, 257, 162989
Phase Error = 18
Max Phase Error = 34

[DeviceInfo00003]
BootReason = 0087
Firmware Version = V1.1.2.0be
Serial Number = 453026245
BootLoader Version = V1.0.1.8
Script Name = HR 3C 5Hz Standard Script
Project Name = IGU-16HR 3C 5Hz
Device Type = IGU-16HR 3C 5Hz
Start Date = "2023/04/04"
Start Time = "00:00:00"
End Time = "00:00:00"
FIFO Storage MODE = 1
GPS Power Mode = CycleOff
Channel Number = 3
Channel 1 Type = 98
Channel 2 Type = 98
Channel 3 Type = 98
Channel 4 Type = 97
Sample Rate = 400
Channel 1 Gain = 18
Channel 2 Gain = 18
Channel 3 Gain = 18
Channel 4 Gain = 0
Anti-alias Filter Type = Linear
Low Cutter Filter = 11
Remove Idle Tone = 2
Voltage Threshold = 650,600

Ch1 Resistance = 1.7598, 1.7731
Ch1 Resonate Freq = 5.0915
Ch1 Damping = 0.6449
Ch1 Sensitivity = 73.9800
Ch1 RMS Noise = 1.1881
Ch1 Spread Noise = 2509.7971

Ch2 Resistance = 1.7497, 1.7480
Ch2 Resonate Freq = 4.6705
Ch2 Damping = 0.4841
Ch2 Sensitivity = 62.5732
Ch2 RMS Noise = 1.1537
Ch2 Spread Noise = 8014.8838

Ch3 Resistance = 1.7474, 1.7107
Ch3 Resonate Freq = -11.6192
Ch3 Damping = 0.3298
Ch3 Sensitivity = 38.8960
Ch3 RMS Noise = 1.1638
Ch3 Spread Noise = 4720.6392

SD Manufacturer ID = 0xad
SD OEM_Application ID = 0x4c53
SD Product Name = "21XL8"
SD Production Revision = 16
SD Production SN = 896998735
SD Manufacture Date = 0x0187


[BatteryPowerOnStop]

[DeviceInfo00004]
BootReason = 0087
Firmware Version = V1.1.2.0be
Serial Number = 453026245
BootLoader Version = V1.0.1.8
Script Name = HR 3C 5Hz Standard Script
Project Name = IGU-16HR 3C 5Hz
Device Type = IGU-16HR 3C 5Hz
Start Date = "2023/04/04"
Start Time = "00:00:00"
End Time = "00:00:00"
FIFO Storage MODE = 1
GPS Power Mode = CycleOff
Channel Number = 3
Channel 1 Type = 98
Channel 2 Type = 98
Channel 3 Type = 98
Channel 4 Type = 97
Sample Rate = 400
Channel 1 Gain = 18
Channel 2 Gain = 18
Channel 3 Gain = 18
Channel 4 Gain = 0
Anti-alias Filter Type = Linear
Low Cutter Filter = 11
Remove Idle Tone = 2
Voltage Threshold = 650,600

Ch1 Resistance = 1.7524, 1.7603
Ch1 Resonate Freq = 448.0058
Ch1 Damping = 0.5388
Ch1 Sensitivity = 250.7618
Ch1 RMS Noise = 1.1723
Ch1 Spread Noise =  23.7129

Ch2 Resistance = 1.7423, 1.7662
Ch2 Resonate Freq = 5.0328
Ch2 Damping = 0.6947
Ch2 Sensitivity = 77.5511
Ch2 RMS Noise = 1.1614
Ch2 Spread Noise = 144.5330

Ch3 Resistance = 1.7385, 1.7492
Ch3 Resonate Freq = 448.9199
Ch3 Damping = 0.5491
Ch3 Sensitivity = 251.8718
Ch3 RMS Noise = 1.1443
Ch3 Spread Noise =   4.4456

SD Manufacturer ID = 0xad
SD OEM_Application ID = 0x4c53
SD Product Name = "21XL8"
SD Production Revision = 16
SD Production SN = 896998735
SD Manufacture Date = 0x0187


[BatteryPowerOnStop]
