<00003,00005,00001,00000,00000,00000,00001>

[DeviceInfo00001]
BootReason = 0087
Firmware Version = V1.1.4.2be
Serial Number = 453046205
BootLoader Version = V1.0.1.8
Script Name = HR3C 5HZ Standard Script
Project Name = IGU-16HR 3C 5HZ
Device Type = IGU-16HR 3C 5Hz
Start Date = "2025/09/02"
Start Time = "00:00:00"
End Time = "00:00:00"
FIFO Storage MODE = 1
GNSS Power Mode = CycleOff
Channel Number = 3
Channel 1 Type = 98
Channel 2 Type = 98
Channel 3 Type = 98
Channel 4 Type = 97
Sample Rate = 200
Channel 1 Gain = 36
Channel 2 Gain = 36
Channel 3 Gain = 36
Channel 4 Gain = 0
Anti-alias Filter Type = Linear
Low Cutter Filter = 11
Remove Idle Tone = 2
Voltage Threshold = 650,600

ADC LP Mode = 1
Ch1 Resistance = 1.8135, 1.8226
Ch1 Resonate Freq = 146.7292
Ch1 Damping = 0.4367
Ch1 Sensitivity = 143.0709
Ch1 RMS Noise = 1.6130
Ch1 Spread Noise = 353.8157

Ch2 Resistance = 1.8071, 1.8223
Ch2 Resonate Freq = 4.7744
Ch2 Damping = 0.6251
Ch2 Sensitivity = 74.8165
Ch2 RMS Noise = 1.6746
Ch2 Spread Noise = 23679.8496

Ch3 Resistance = 1.8124, 1.8217
Ch3 Resonate Freq = 148.6047
Ch3 Damping = 0.5050
Ch3 Sensitivity = 147.1953
Ch3 RMS Noise = 1.6376
Ch3 Spread Noise = 644.4836

SD Manufacturer ID = 0xad
SD OEM_Application ID = 0x4c53
SD Product Name = "21XL8"
SD Production Revision = 16
SD Production SN = 925972026
SD Manufacture Date = 0x0193


[BatteryPowerOnStop]

[DeviceInfo00002]
BootReason = 0300
Firmware Version = V1.1.4.2be
Serial Number = 453046205
BootLoader Version = V1.0.1.8
Boot RTC ="2015/12/18,02:16:12"
Script Name = HR3C 5HZ Standard Script
Project Name = IGU-16HR 3C 5HZ
Device Type = IGU-16HR 3C 5Hz
Start Date = "2025/09/02"
Start Time = "00:00:00"
End Time = "00:00:00"
FIFO Storage MODE = 1
Existing DATA Segments = 0
Starting DATA Segment# = 0
GNSS Power Mode = CycleOff
Channel Number = 3
Channel 1 Type = 98
Channel 2 Type = 98
Channel 3 Type = 98
Channel 4 Type = 97
Sample Rate = 200
Channel 1 Gain = 36
Channel 2 Gain = 36
Channel 3 Gain = 36
Channel 4 Gain = 0
Anti-alias Filter Type = Linear
Low Cutter Filter = 11
Remove Idle Tone = 2
Voltage Threshold = 650,600

ADC LP Mode = 1
Ch1 Resistance = 1.8157, 1.8322
Ch1 Resonate Freq = 5.1135
Ch1 Damping = 0.6966
Ch1 Sensitivity = 78.2251
Ch1 RMS Noise = 1.6264
Ch1 Spread Noise = 665.0294

Ch2 Resistance = 1.8087, 1.8314
Ch2 Resonate Freq = 4.8721
Ch2 Damping = 0.6610
Ch2 Sensitivity = 77.0918
Ch2 RMS Noise = 1.6503
Ch2 Spread Noise = 1772.4044

Ch3 Resistance = 1.8142, 1.8397
Ch3 Resonate Freq = 5.1063
Ch3 Damping = 0.6750
Ch3 Sensitivity = 79.6935
Ch3 RMS Noise = 1.6215
Ch3 Spread Noise = 1883.0332

NMEA41 = 1
USE_MAX_M10s = 1
GNSS Lock Time = "2026/06/05,01:40:48"
GNSS Tick = 41
Satellite Number = 09
GPS Strength     = "40,39,39,38,37,35,35,33,32"
Satellite ID     = "11,19,42, 6,14, 3,22, 9, 4"
Calendar Reference = 2026/06/05,01:40 <-> 2025/09/02,00:00
Wait Time to Work = 0(0x00000000)
Voltage = 8.1710
Free TF Memory = 120975
Sensor Type = TMPx75
Booting Temperature = 24.7500
Upper Resistance Limit = 1905, 1924.6
Lower Resistance Limit = 1640, 1656.9
Booting eCompass North =   0.000
Booting Tilted Angle =   6.091
Booting Roll Angle   = 5.730
Booting Pitch Angle  = 2.060
Geophone Test Passed = 1
Sync Delay = 128.4637
Sync Count = 1

[Notify00001]
UTC Time = "2026/06/05,01:41:19"
Start Acquisition FileName = "Seis000.DLD"

[GNSS00001]
GNSS Status = GNSS Cycle Off
GNSS Tick = 110
UTC Time = "2026/06/05,01:41:43"
DAC Value = 2080
ADC Sync Value = 2907, 87, 35461
Phase Error = 1
Max Phase Error = 1

[GNSS00002]
GNSS Status = GNSS Synchronization
UTC Time = "2026/06/05,01:48:55"
Leap Second = 0
eCompass North =  85.388
Tilted Angle =   6.029
Roll Angle   = 1.887
Pitch Angle  = -5.724
GNSS Power = OFF
Latest Fix UTC Time = "2026/06/05,01:41:58"
Satellite Number = 11
GPS Strength     = "44,44,43,41,40,40,40,40,40,38,37"
Satellite ID     = "11,17,22, 6, 4,14,19,41,42,50,13"
Longitude = 116.761049833
Latitude   = 39.595820833
Altitude   = 39.0
RTC Time = "2026/06/05,01:48:58"

[Temperature00001]
UTC Time = "2026/06/05,01:50:55"
Temperature = 25.5625

[GNSS00003]
GNSS Status = GNSS Cycle On
GNSS Tick = 600
UTC Time = "2026/06/05,01:51:43"

[GNSS00004]
GNSS Status = GNSS Cycle Off
GNSS Tick = 51
UTC Time = "2026/06/05,01:52:55"
DAC Value = 2078
ADC Sync Value = 2907, 131, 58622
Phase Error = 14
Max Phase Error = 14

[GNSS00005]
GNSS Status = GNSS Synchronization
UTC Time = "2026/06/05,01:56:55"
Leap Second = 0
eCompass North = 135.609
Tilted Angle =   5.112
Roll Angle   = -4.738
Pitch Angle  = -1.916
GNSS Power = OFF
Latest Fix UTC Time = "2026/06/05,01:52:50"
Satellite Number = 12
GPS Strength     = "47,43,43,42,41,41,41,40,39,38,38,36"
Satellite ID     = "22,11,41,19,14,40,50, 9, 6,21,42, 4"
Longitude = 116.760546500
Latitude   = 39.595965500
Altitude   = 25.8
RTC Time = "2026/06/05,01:57:10"

[DeviceInfo00003]
BootReason = 0087
Firmware Version = V1.1.4.2be
Serial Number = 453046205
BootLoader Version = V1.0.1.8
Script Name = HR3C 5HZ Standard Script
Project Name = IGU-16HR 3C 5HZ
Device Type = IGU-16HR 3C 5Hz
Start Date = "2025/09/02"
Start Time = "00:00:00"
End Time = "00:00:00"
FIFO Storage MODE = 1
GNSS Power Mode = CycleOff
Channel Number = 3
Channel 1 Type = 98
Channel 2 Type = 98
Channel 3 Type = 98
Channel 4 Type = 97
Sample Rate = 200
Channel 1 Gain = 36
Channel 2 Gain = 36
Channel 3 Gain = 36
Channel 4 Gain = 0
Anti-alias Filter Type = Linear
Low Cutter Filter = 11
Remove Idle Tone = 2
Voltage Threshold = 650,600

ADC LP Mode = 1
Ch1 Resistance = 1.7978, 1.8115
Ch1 Resonate Freq = 5.1174
Ch1 Damping = 0.7003
Ch1 Sensitivity = 78.4535
Ch1 RMS Noise = 1.6326
Ch1 Spread Noise =  86.0313

Ch2 Resistance = 1.7785, 1.6509
Ch2 Resonate Freq = 5.0975
Ch2 Damping = 0.7022
Ch2 Sensitivity = 78.2912
Ch2 RMS Noise = 1.6346
Ch2 Spread Noise = 112.1483

Ch3 Resistance = 1.7825, 1.7974
Ch3 Resonate Freq = 5.0966
Ch3 Damping = 0.7109
Ch3 Sensitivity = 78.9795
Ch3 RMS Noise = 1.6437
Ch3 Spread Noise = 102.2272

SD Manufacturer ID = 0xad
SD OEM_Application ID = 0x4c53
SD Product Name = "21XL8"
SD Production Revision = 16
SD Production SN = 925972026
SD Manufacture Date = 0x0193


[BatteryPowerOnStop]
