<00007,00011,00003,00000,00000,00000,00001>

[DeviceInfo00001]
BootReason = 0087
Firmware Version = V1.1.2.0be
Serial Number = 453038431
BootLoader Version = V1.0.1.8
Script Name = HR 3C 5Hz Standard Script
Project Name = IGU-16HR 3C 5Hz
Device Type = IGU-16HR 3C 5Hz
Start Date = "2023/04/04"
Start Time = "00:00:00"
End Time = "00:00:00"
FIFO Storage MODE = 1
GPS Power Mode = CycleOff
Channel Number = 3
Channel 1 Type = 98
Channel 2 Type = 98
Channel 3 Type = 98
Channel 4 Type = 97
Sample Rate = 400
Channel 1 Gain = 18
Channel 2 Gain = 18
Channel 3 Gain = 18
Channel 4 Gain = 0
Anti-alias Filter Type = Linear
Low Cutter Filter = 11
Remove Idle Tone = 2
Voltage Threshold = 650,600

Ch1 Resistance = 1.7925, 1.7938
Ch1 Resonate Freq = 151.7755
Ch1 Damping = 0.4467
Ch1 Sensitivity = 143.7367
Ch1 RMS Noise = 1.1325
Ch1 Spread Noise =  42.9053

Ch2 Resistance = 1.7988, 1.7934
Ch2 Resonate Freq = 5.2393
Ch2 Damping = 0.6877
Ch2 Sensitivity = 77.9471
Ch2 RMS Noise = 1.1813
Ch2 Spread Noise = 1311.1801

Ch3 Resistance = 1.7789, 1.7872
Ch3 Resonate Freq = 5.0475
Ch3 Damping = 0.6912
Ch3 Sensitivity = 78.0432
Ch3 RMS Noise = 1.1755
Ch3 Spread Noise = 709.2335

SD Manufacturer ID = 0xad
SD OEM_Application ID = 0x4c53
SD Product Name = "21XL8"
SD Production Revision = 16
SD Production SN = 943988420
SD Manufacture Date = 0x0187


[BatteryPowerOnStop]

[DeviceInfo00002]
BootReason = 0087
Firmware Version = V1.1.2.0be
Serial Number = 453038431
BootLoader Version = V1.0.1.8
Script Name = HR 3C 5Hz Standard Script
Project Name = IGU-16HR 3C 5Hz
Device Type = IGU-16HR 3C 5Hz
Start Date = "2023/04/04"
Start Time = "00:00:00"
End Time = "00:00:00"
FIFO Storage MODE = 1
GPS Power Mode = CycleOff
Channel Number = 3
Channel 1 Type = 98
Channel 2 Type = 98
Channel 3 Type = 98
Channel 4 Type = 97
Sample Rate = 400
Channel 1 Gain = 18
Channel 2 Gain = 18
Channel 3 Gain = 18
Channel 4 Gain = 0
Anti-alias Filter Type = Linear
Low Cutter Filter = 11
Remove Idle Tone = 2
Voltage Threshold = 650,600

Ch1 Resistance = 1.7892, 1.7995
Ch1 Resonate Freq = 4.7827
Ch1 Damping = 0.6798
Ch1 Sensitivity = 74.5025
Ch1 RMS Noise = 1.1646
Ch1 Spread Noise = 3941.1372

Ch2 Resistance = 1.7953, 1.7777
Ch2 Resonate Freq = 1416.2017
Ch2 Damping = 0.5795
Ch2 Sensitivity = 1150.5193
Ch2 RMS Noise = 1.1999
Ch2 Spread Noise = 9478.4756

Ch3 Resistance = 1.7797, 1.7822
Ch3 Resonate Freq = 324.0438
Ch3 Damping = 0.5701
Ch3 Sensitivity = 474.5529
Ch3 RMS Noise = 1.1772
Ch3 Spread Noise = 29256.6094

SD Manufacturer ID = 0xad
SD OEM_Application ID = 0x4c53
SD Product Name = "21XL8"
SD Production Revision = 16
SD Production SN = 943988420
SD Manufacture Date = 0x0187


[BatteryPowerOnStop]

[DeviceInfo00003]
BootReason = 0300
Firmware Version = V1.1.2.0be
Serial Number = 453038431
BootLoader Version = V1.0.1.8
Boot RTC ="2015/12/18,02:30:52"
Script Name = HR 3C 5Hz Standard Script
Project Name = IGU-16HR 3C 5Hz
Device Type = IGU-16HR 3C 5Hz
Start Date = "2023/04/04"
Start Time = "00:00:00"
End Time = "00:00:00"
FIFO Storage MODE = 1
Existing DATA Segments = 0
Starting DATA Segment# = 0
GPS Power Mode = CycleOff
Channel Number = 3
Channel 1 Type = 98
Channel 2 Type = 98
Channel 3 Type = 98
Channel 4 Type = 97
Sample Rate = 400
Channel 1 Gain = 18
Channel 2 Gain = 18
Channel 3 Gain = 18
Channel 4 Gain = 0
Anti-alias Filter Type = Linear
Low Cutter Filter = 11
Remove Idle Tone = 2
Voltage Threshold = 650,600

Ch1 Resistance = 1.7903, 1.8034
Ch1 Resonate Freq = 5.0171
Ch1 Damping = 0.7195
Ch1 Sensitivity = 78.0842
Ch1 RMS Noise = 1.1437
Ch1 Spread Noise = 177.9011

Ch2 Resistance = 1.7984, 1.8118
Ch2 Resonate Freq = 5.1842
Ch2 Damping = 0.6424
Ch2 Sensitivity = 78.2746
Ch2 RMS Noise = 1.2106
Ch2 Spread Noise = 488.6053

Ch3 Resistance = 1.7825, 1.8009
Ch3 Resonate Freq = 5.3182
Ch3 Damping = 0.6535
Ch3 Sensitivity = 79.3564
Ch3 RMS Noise = 1.1523
Ch3 Spread Noise = 757.7576

GPS Lock Time = "2024/10/08,02:25:08"
GPS Tick = 47
Satellite Number = 08
GPS Strength     = "44,44,43,43,42,42,41,40"
Satellite ID     = " 5,40,10,23,18,24,13,15"
Calendar Reference = 2024/10/08,02:25 <-> 2023/04/04,00:00
Wait Time to Work = 0(0x00000000)
Voltage = 8.2171
Free TF Memory = 120975
Sensor Type = TMPx75
Booting Temperature = 20.8750
Upper Resistance Limit = 1905, 1897.0
Lower Resistance Limit = 1640, 1633.1
Booting eCompass North =   0.000
Booting Tilted Angle =   8.840
Booting Roll Angle   = 6.180
Booting Pitch Angle  = 6.297
Geophone Test Passed = 1
Sync Delay = 256.9258
Sync Count = 1

[GPS00001]
GPS Status = GPS Cycle Off
GPS Tick = 90
UTC Time = ","
DAC Value = 2032
ADC Sync Value = 2907, 53, 32298
Phase Error = 1
Max Phase Error = 1

[Notify00001]
UTC Time = "2024/10/08,02:26:03"
Start Acquisition FileName = "Seis000.DLD"

[GPS00002]
GPS Status = GPS Synchronization
UTC Time = "2024/10/08,02:33:15"
Leap Second = 0
eCompass North = -114.123
Tilted Angle =   8.930
Roll Angle   = 6.093
Pitch Angle  = 6.504
GPS Power = OFF
Latest Fix UTC Time = "2024/10/08,02:25:51"
Satellite Number = 08
GPS Strength     = "45,44,42,42,40,40,39,38"
Satellite ID     = " 5,10,23,40,18,24,15,50"
Longitude = 116.760425000
Latitude   = 39.596224000
Altitude   = 40.9
RTC Time = "2024/10/08,02:33:21"

[GPS00003]
GPS Status = GPS Cycle On
GPS Tick = 480
UTC Time = "2024/10/08,02:33:15"

[Temperature00001]
UTC Time = "2024/10/08,02:34:51"
Temperature = 21.6875

[GPS00004]
GPS Status = GPS Cycle Off
GPS Tick = 86
UTC Time = "2024/10/08,02:34:51"
DAC Value = 2036
ADC Sync Value = 2907, 115, 67361
Phase Error = 19
Max Phase Error = 19

[DeviceInfo00004]
BootReason = 0300
Firmware Version = V1.1.2.0be
Serial Number = 453038431
BootLoader Version = V1.0.1.8
Boot RTC ="2024/10/08,02:42:32"
Script Name = HR 3C 5Hz Standard Script
Project Name = IGU-16HR 3C 5Hz
Device Type = IGU-16HR 3C 5Hz
Start Date = "2023/04/04"
Start Time = "00:00:00"
End Time = "00:00:00"
FIFO Storage MODE = 1
Existing DATA Segments = 1
Starting DATA Segment# = 1
GPS Power Mode = CycleOff
Channel Number = 3
Channel 1 Type = 98
Channel 2 Type = 98
Channel 3 Type = 98
Channel 4 Type = 97
Sample Rate = 400
Channel 1 Gain = 18
Channel 2 Gain = 18
Channel 3 Gain = 18
Channel 4 Gain = 0
Anti-alias Filter Type = Linear
Low Cutter Filter = 11
Remove Idle Tone = 2
Voltage Threshold = 650,600

Ch1 Resistance = 1.7898, 1.7962
Ch1 Resonate Freq = 4.7075
Ch1 Damping = 0.6744
Ch1 Sensitivity = 74.3459
Ch1 RMS Noise = 1.1917
Ch1 Spread Noise = 1775.0903

Ch2 Resistance = 1.7989, 1.7980
Ch2 Resonate Freq = 5.1131
Ch2 Damping = 0.5739
Ch2 Sensitivity = 74.5907
Ch2 RMS Noise = 1.1939
Ch2 Spread Noise = 10318.5625

Ch3 Resistance = 1.7829, 1.7688
Ch3 Resonate Freq = 5.1988
Ch3 Damping = 0.5455
Ch3 Sensitivity = 75.0196
Ch3 RMS Noise = 1.1598
Ch3 Spread Noise = 10007.4912

GPS Lock Time = "2024/10/08,02:43:07"
GPS Tick = 14
Satellite Number = 08
GPS Strength     = "37,36,36,35,34,33,32,30"
Satellite ID     = "40,15,24,13, 5,18,10,32"
Calendar Reference = 2024/10/08,02:43 <-> 2023/04/04,00:00
Wait Time to Work = 0(0x00000000)
Voltage = 8.1503
Free TF Memory = 120974
Sensor Type = TMPx75
Booting Temperature = 21.3125
Upper Resistance Limit = 1905, 1900.1
Lower Resistance Limit = 1640, 1635.8
Booting eCompass North =   0.000
Booting Tilted Angle =   8.663
Booting Roll Angle   = 6.084
Booting Pitch Angle  = 6.143
Geophone Test Passed = 1
Sync Delay = 256.9258
Sync Count = 1

[Notify00001]
UTC Time = "2024/10/08,02:44:03"
Start Acquisition FileName = "Seis001.DLD"

[GPS00005]
GPS Status = GPS Cycle Off
GPS Tick = 80
UTC Time = "2024/10/08,02:44:03"
DAC Value = 2033
ADC Sync Value = 2907, 76, 33113
Phase Error = 1
Max Phase Error = 1

[GPS00006]
GPS Status = GPS Synchronization
UTC Time = "2024/10/08,02:51:15"
Leap Second = 0
eCompass North = -67.384
Tilted Angle =   8.888
Roll Angle   = 6.093
Pitch Angle  = 6.446
GPS Power = OFF
Latest Fix UTC Time = "2024/10/08,02:44:13"
Satellite Number = 08
GPS Strength     = "39,38,36,36,34,33,32,32"
Satellite ID     = "40,15,23,24,10, 5,13,18"
Longitude = 116.759583500
Latitude   = 39.595897333
Altitude   = 45.7
RTC Time = "2024/10/08,02:51:21"

[GPS00007]
GPS Status = GPS Cycle On
GPS Tick = 480
UTC Time = "2024/10/08,02:52:03"

[Temperature00002]
UTC Time = "2024/10/08,02:52:51"
Temperature = 22.0000

[GPS00008]
GPS Status = GPS Cycle Off
GPS Tick = 104
UTC Time = "2024/10/08,02:53:39"
DAC Value = 2037
ADC Sync Value = 2907, 148, 76033
Phase Error = 30
Max Phase Error = 30

[GPS00009]
GPS Status = GPS Synchronization
UTC Time = "2024/10/08,02:59:15"
Leap Second = 0
eCompass North = -68.125
Tilted Angle =   9.003
Roll Angle   = 6.051
Pitch Angle  = 6.641
GPS Power = OFF
Latest Fix UTC Time = "2024/10/08,02:53:57"
Satellite Number = 10
GPS Strength     = "40,39,38,38,37,33,33,32,32,29"
Satellite ID     = "24,40,15,18, 5,13,32,10,50,23"
Longitude = 116.759779333
Latitude   = 39.595985833
Altitude   = 92.2
RTC Time = "2024/10/08,02:59:32"

[GPS00010]
GPS Status = GPS Cycle On
GPS Tick = 480
UTC Time = "2024/10/08,03:01:39"

[GPS00011]
GPS Status = GPS Cycle Off
GPS Tick = 66
UTC Time = "2024/10/08,03:02:27"
DAC Value = 2036
ADC Sync Value = 2907, 191, 103378
Phase Error = 12
Max Phase Error = 30

[Temperature00003]
UTC Time = "2024/10/08,03:03:15"
Temperature = 22.1875

[DeviceInfo00005]
BootReason = 0007
Firmware Version = V1.1.2.0be
Serial Number = 453038431
BootLoader Version = V1.0.1.8
Boot RTC ="2024/10/08,03:34:38"
Script Name = HR 3C 5Hz Standard Script
Project Name = IGU-16HR 3C 5Hz
Device Type = IGU-16HR 3C 5Hz
Start Date = "2023/04/04"
Start Time = "00:00:00"
End Time = "00:00:00"
FIFO Storage MODE = 1
GPS Power Mode = CycleOff
Channel Number = 3
Channel 1 Type = 98
Channel 2 Type = 98
Channel 3 Type = 98
Channel 4 Type = 97
Sample Rate = 400
Channel 1 Gain = 18
Channel 2 Gain = 18
Channel 3 Gain = 18
Channel 4 Gain = 0
Anti-alias Filter Type = Linear
Low Cutter Filter = 11
Remove Idle Tone = 2
Voltage Threshold = 650,600

Ch1 Resistance = 1.7916, 1.6655
Ch1 Resonate Freq = -19.5602
Ch1 Damping = 0.3235
Ch1 Sensitivity = 32.5042
Ch1 RMS Noise = 1.1267
Ch1 Spread Noise = 701.3855

Ch2 Resistance = 1.8021, 1.8774
Ch2 Resonate Freq = 5.3307
Ch2 Damping = 0.5870
Ch2 Sensitivity = 81.5109
Ch2 RMS Noise = 1.1877
Ch2 Spread Noise =  32.0146

Ch3 Resistance = 1.7689, 1.7252
Ch3 Resonate Freq = 10.5201
Ch3 Damping = -0.0560
Ch3 Sensitivity = 121.7490
Ch3 RMS Noise = 1.1586
Ch3 Spread Noise = 3908.3374

SD Manufacturer ID = 0xad
SD OEM_Application ID = 0x4c53
SD Product Name = "21XL8"
SD Production Revision = 16
SD Production SN = 943988420
SD Manufacture Date = 0x0187


[BatteryPowerOnStop]

[DeviceInfo00006]
BootReason = 0087
Firmware Version = V1.1.2.0be
Serial Number = 453038431
BootLoader Version = V1.0.1.8
Script Name = HR 3C 5Hz Standard Script
Project Name = IGU-16HR 3C 5Hz
Device Type = IGU-16HR 3C 5Hz
Start Date = "2023/04/04"
Start Time = "00:00:00"
End Time = "00:00:00"
FIFO Storage MODE = 1
GPS Power Mode = CycleOff
Channel Number = 3
Channel 1 Type = 98
Channel 2 Type = 98
Channel 3 Type = 98
Channel 4 Type = 97
Sample Rate = 400
Channel 1 Gain = 18
Channel 2 Gain = 18
Channel 3 Gain = 18
Channel 4 Gain = 0
Anti-alias Filter Type = Linear
Low Cutter Filter = 11
Remove Idle Tone = 2
Voltage Threshold = 650,600

Ch1 Resistance = 1.8217, 1.8311
Ch1 Resonate Freq = 4.8321
Ch1 Damping = 0.6941
Ch1 Sensitivity = 75.4970
Ch1 RMS Noise = 1.1697
Ch1 Spread Noise = 1380.8606

Ch2 Resistance = 1.8155, 1.8243
Ch2 Resonate Freq = 4.8968
Ch2 Damping = 0.6906
Ch2 Sensitivity = 76.7842
Ch2 RMS Noise = 1.1809
Ch2 Spread Noise = 1299.6133

Ch3 Resistance = 1.7995, 1.8158
Ch3 Resonate Freq = 5.1226
Ch3 Damping = 0.7182
Ch3 Sensitivity = 80.8131
Ch3 RMS Noise = 1.1655
Ch3 Spread Noise = 926.6256

SD Manufacturer ID = 0xad
SD OEM_Application ID = 0x4c53
SD Product Name = "21XL8"
SD Production Revision = 16
SD Production SN = 943988420
SD Manufacture Date = 0x0187


[BatteryPowerOnStop]

[DeviceInfo00007]
BootReason = 0087
Firmware Version = V1.1.2.0be
Serial Number = 453038431
BootLoader Version = V1.0.1.8
Script Name = HR 3C 5Hz Standard Script
Project Name = IGU-16HR 3C 5Hz
Device Type = IGU-16HR 3C 5Hz
Start Date = "2023/04/04"
Start Time = "00:00:00"
End Time = "00:00:00"
FIFO Storage MODE = 1
GPS Power Mode = CycleOff
Channel Number = 3
Channel 1 Type = 98
Channel 2 Type = 98
Channel 3 Type = 98
Channel 4 Type = 97
Sample Rate = 400
Channel 1 Gain = 18
Channel 2 Gain = 18
Channel 3 Gain = 18
Channel 4 Gain = 0
Anti-alias Filter Type = Linear
Low Cutter Filter = 11
Remove Idle Tone = 2
Voltage Threshold = 650,600

Ch1 Resistance = 1.8201, 1.8210
Ch1 Resonate Freq = 147.3189
Ch1 Damping = 0.4252
Ch1 Sensitivity = 141.1684
Ch1 RMS Noise = 1.1793
Ch1 Spread Noise = 149.3274

Ch2 Resistance = 1.8138, 1.8106
Ch2 Resonate Freq = 142.5597
Ch2 Damping = 0.4877
Ch2 Sensitivity = 144.6139
Ch2 RMS Noise = 1.2112
Ch2 Spread Noise =  56.5760

Ch3 Resistance = 1.7964, 1.8071
Ch3 Resonate Freq = 4.8130
Ch3 Damping = 0.6789
Ch3 Sensitivity = 76.1775
Ch3 RMS Noise = 1.1978
Ch3 Spread Noise = 2010.1215

SD Manufacturer ID = 0xad
SD OEM_Application ID = 0x4c53
SD Product Name = "21XL8"
SD Production Revision = 16
SD Production SN = 943988420
SD Manufacture Date = 0x0187


[BatteryPowerOnStop]
