<00003,00005,00001,00000,00000,00000,00001>

[DeviceInfo00001]
BootReason = 0087
Firmware Version = V1.1.4.2be
Serial Number = 453046207
BootLoader Version = V1.0.1.8
Script Name = HR3C 5HZ Standard Script
Project Name = IGU-16HR 3C 5HZ
Device Type = IGU-16HR 3C 5Hz
Start Date = "2025/09/02"
Start Time = "00:00:00"
End Time = "00:00:00"
FIFO Storage MODE = 1
GNSS Power Mode = CycleOff
Channel Number = 3
Channel 1 Type = 98
Channel 2 Type = 98
Channel 3 Type = 98
Channel 4 Type = 97
Sample Rate = 200
Channel 1 Gain = 36
Channel 2 Gain = 36
Channel 3 Gain = 36
Channel 4 Gain = 0
Anti-alias Filter Type = Linear
Low Cutter Filter = 11
Remove Idle Tone = 2
Voltage Threshold = 650,600

ADC LP Mode = 1
Ch1 Resistance = 1.8160, 1.8144
Ch1 Resonate Freq = 207.4293
Ch1 Damping = 0.3594
Ch1 Sensitivity = 172.8310
Ch1 RMS Noise = 1.5945
Ch1 Spread Noise = 1083.4435

Ch2 Resistance = 1.8203, 1.8423
Ch2 Resonate Freq = 4.3212
Ch2 Damping = 0.5931
Ch2 Sensitivity = 69.0116
Ch2 RMS Noise = 1.6506
Ch2 Spread Noise = 22416.1582

Ch3 Resistance = 1.8232, 1.8227
Ch3 Resonate Freq = 134.1125
Ch3 Damping = 0.3157
Ch3 Sensitivity = 129.3930
Ch3 RMS Noise = 1.6092
Ch3 Spread Noise = 891.0795

SD Manufacturer ID = 0xad
SD OEM_Application ID = 0x4c53
SD Product Name = "21XL8"
SD Production Revision = 16
SD Production SN = 925972112
SD Manufacture Date = 0x0193


[BatteryPowerOnStop]

[DeviceInfo00002]
BootReason = 0300
Firmware Version = V1.1.4.2be
Serial Number = 453046207
BootLoader Version = V1.0.1.8
Boot RTC ="2015/12/18,02:16:51"
Script Name = HR3C 5HZ Standard Script
Project Name = IGU-16HR 3C 5HZ
Device Type = IGU-16HR 3C 5Hz
Start Date = "2025/09/02"
Start Time = "00:00:00"
End Time = "00:00:00"
FIFO Storage MODE = 1
Existing DATA Segments = 0
Starting DATA Segment# = 0
GNSS Power Mode = CycleOff
Channel Number = 3
Channel 1 Type = 98
Channel 2 Type = 98
Channel 3 Type = 98
Channel 4 Type = 97
Sample Rate = 200
Channel 1 Gain = 36
Channel 2 Gain = 36
Channel 3 Gain = 36
Channel 4 Gain = 0
Anti-alias Filter Type = Linear
Low Cutter Filter = 11
Remove Idle Tone = 2
Voltage Threshold = 650,600

ADC LP Mode = 1
Ch1 Resistance = 1.8208, 1.8266
Ch1 Resonate Freq = 5.0519
Ch1 Damping = 0.6798
Ch1 Sensitivity = 76.9345
Ch1 RMS Noise = 1.6056
Ch1 Spread Noise = 873.2651

Ch2 Resistance = 1.8220, 1.8374
Ch2 Resonate Freq = 4.7777
Ch2 Damping = 0.6618
Ch2 Sensitivity = 76.1740
Ch2 RMS Noise = 1.6656
Ch2 Spread Noise = 4271.1587

Ch3 Resistance = 1.8251, 1.8390
Ch3 Resonate Freq = 4.7253
Ch3 Damping = 0.6734
Ch3 Sensitivity = 74.6857
Ch3 RMS Noise = 1.6322
Ch3 Spread Noise = 3564.3923

NMEA41 = 1
USE_MAX_M10s = 1
GNSS Lock Time = "2026/06/05,01:40:48"
GNSS Tick = 39
Satellite Number = 08
GPS Strength     = "42,41,39,38,38,38,36,35"
Satellite ID     = "11,14,19, 6,22,42,17, 4"
Calendar Reference = 2026/06/05,01:40 <-> 2025/09/02,00:00
Wait Time to Work = 0(0x00000000)
Voltage = 8.3030
Free TF Memory = 120975
Sensor Type = TMPx75
Booting Temperature = 24.8125
Upper Resistance Limit = 1905, 1925.1
Lower Resistance Limit = 1640, 1657.3
Booting eCompass North =   0.000
Booting Tilted Angle =   0.127
Booting Roll Angle   = -0.113
Booting Pitch Angle  = 0.057
Geophone Test Passed = 1
Sync Delay = 128.4640
Sync Count = 1

[Notify00001]
UTC Time = "2026/06/05,01:41:19"
Start Acquisition FileName = "Seis000.DLD"

[GNSS00001]
GNSS Status = GNSS Cycle Off
GNSS Tick = 82
UTC Time = "2026/06/05,01:41:19"
DAC Value = 2017
ADC Sync Value = 2907, 61, 25804
Phase Error = 1
Max Phase Error = 1

[GNSS00002]
GNSS Status = GNSS Synchronization
UTC Time = "2026/06/05,01:48:55"
Leap Second = 0
eCompass North = 120.160
Tilted Angle =   3.169
Roll Angle   = -0.226
Pitch Angle  = -3.161
GNSS Power = OFF
Latest Fix UTC Time = "2026/06/05,01:41:32"
Satellite Number = 08
GPS Strength     = "45,43,42,42,41,39,39,39"
Satellite ID     = "22,11, 6,50,19, 3, 9,41"
Longitude = 116.760093333
Latitude   = 39.595403167
Altitude   = 45.0
RTC Time = "2026/06/05,01:48:58"

[GNSS00003]
GNSS Status = GNSS Cycle On
GNSS Tick = 519
UTC Time = "2026/06/05,01:50:07"

[Temperature00001]
UTC Time = "2026/06/05,01:50:55"
Temperature = 25.6250

[GNSS00004]
GNSS Status = GNSS Cycle Off
GNSS Tick = 42
UTC Time = "2026/06/05,01:50:55"
DAC Value = 2019
ADC Sync Value = 2907, 95, 40508
Phase Error = 5
Max Phase Error = 5

[GNSS00005]
GNSS Status = GNSS Synchronization
UTC Time = "2026/06/05,01:56:55"
Leap Second = 0
eCompass North = 134.898
Tilted Angle =   1.462
Roll Angle   = 0.850
Pitch Angle  = -1.190
GNSS Power = OFF
Latest Fix UTC Time = "2026/06/05,01:50:54"
Satellite Number = 10
GPS Strength     = "45,44,44,44,42,42,41,40,40,40"
Satellite ID     = " 6,19,22,42,17,41,14, 4, 9,11"
Longitude = 116.760654833
Latitude   = 39.595985833
Altitude   = 31.9
RTC Time = "2026/06/05,01:56:59"

[DeviceInfo00003]
BootReason = 0087
Firmware Version = V1.1.4.2be
Serial Number = 453046207
BootLoader Version = V1.0.1.8
Script Name = HR3C 5HZ Standard Script
Project Name = IGU-16HR 3C 5HZ
Device Type = IGU-16HR 3C 5Hz
Start Date = "2025/09/02"
Start Time = "00:00:00"
End Time = "00:00:00"
FIFO Storage MODE = 1
GNSS Power Mode = CycleOff
Channel Number = 3
Channel 1 Type = 98
Channel 2 Type = 98
Channel 3 Type = 98
Channel 4 Type = 97
Sample Rate = 200
Channel 1 Gain = 36
Channel 2 Gain = 36
Channel 3 Gain = 36
Channel 4 Gain = 0
Anti-alias Filter Type = Linear
Low Cutter Filter = 11
Remove Idle Tone = 2
Voltage Threshold = 650,600

ADC LP Mode = 1
Ch1 Resistance = 1.8299, 1.8260
Ch1 Resonate Freq = 147.7327
Ch1 Damping = 0.4252
Ch1 Sensitivity = 142.7624
Ch1 RMS Noise = 1.5863
Ch1 Spread Noise = 692.4340

Ch2 Resistance = 1.8181, 1.8129
Ch2 Resonate Freq = 144.9376
Ch2 Damping = 0.4383
Ch2 Sensitivity = 141.7714
Ch2 RMS Noise = 1.6363
Ch2 Spread Noise =  30.7359

Ch3 Resistance = 1.8192, 1.8275
Ch3 Resonate Freq = 4.8739
Ch3 Damping = 0.7084
Ch3 Sensitivity = 76.8619
Ch3 RMS Noise = 1.6239
Ch3 Spread Noise = 378.4043

SD Manufacturer ID = 0xad
SD OEM_Application ID = 0x4c53
SD Product Name = "21XL8"
SD Production Revision = 16
SD Production SN = 925972112
SD Manufacture Date = 0x0193


[BatteryPowerOnStop]
